Component: ARM Compiler 5.06 update 6 (build 750) Tool: armlink [4d35ed]

==============================================================================

Section Cross References

    startup_stm32f407xx.o(STACK) refers (Special) to heapauxi.o(.text) for __use_two_region_memory
    startup_stm32f407xx.o(HEAP) refers (Special) to heapauxi.o(.text) for __use_two_region_memory
    startup_stm32f407xx.o(RESET) refers (Special) to heapauxi.o(.text) for __use_two_region_memory
    startup_stm32f407xx.o(RESET) refers to startup_stm32f407xx.o(STACK) for __initial_sp
    startup_stm32f407xx.o(RESET) refers to startup_stm32f407xx.o(.text) for Reset_Handler
    startup_stm32f407xx.o(RESET) refers to stm32f4xx_it.o(i.NMI_Handler) for NMI_Handler
    startup_stm32f407xx.o(RESET) refers to stm32f4xx_it.o(i.HardFault_Handler) for HardFault_Handler
    startup_stm32f407xx.o(RESET) refers to stm32f4xx_it.o(i.MemManage_Handler) for MemManage_Handler
    startup_stm32f407xx.o(RESET) refers to stm32f4xx_it.o(i.BusFault_Handler) for BusFault_Handler
    startup_stm32f407xx.o(RESET) refers to stm32f4xx_it.o(i.UsageFault_Handler) for UsageFault_Handler
    startup_stm32f407xx.o(RESET) refers to stm32f4xx_it.o(i.SVC_Handler) for SVC_Handler
    startup_stm32f407xx.o(RESET) refers to stm32f4xx_it.o(i.DebugMon_Handler) for DebugMon_Handler
    startup_stm32f407xx.o(RESET) refers to stm32f4xx_it.o(i.PendSV_Handler) for PendSV_Handler
    startup_stm32f407xx.o(RESET) refers to stm32f4xx_it.o(i.SysTick_Handler) for SysTick_Handler
    startup_stm32f407xx.o(RESET) refers to stm32f4xx_it.o(i.EXTI4_IRQHandler) for EXTI4_IRQHandler
    startup_stm32f407xx.o(RESET) refers to stm32f4xx_it.o(i.EXTI9_5_IRQHandler) for EXTI9_5_IRQHandler
    startup_stm32f407xx.o(RESET) refers to stm32f4xx_it.o(i.TIM1_BRK_TIM9_IRQHandler) for TIM1_BRK_TIM9_IRQHandler
    startup_stm32f407xx.o(RESET) refers to stm32f4xx_it.o(i.TIM1_UP_TIM10_IRQHandler) for TIM1_UP_TIM10_IRQHandler
    startup_stm32f407xx.o(RESET) refers to stm32f4xx_it.o(i.TIM1_TRG_COM_TIM11_IRQHandler) for TIM1_TRG_COM_TIM11_IRQHandler
    startup_stm32f407xx.o(RESET) refers to stm32f4xx_it.o(i.TIM1_CC_IRQHandler) for TIM1_CC_IRQHandler
    startup_stm32f407xx.o(RESET) refers to stm32f4xx_it.o(i.USART1_IRQHandler) for USART1_IRQHandler
    startup_stm32f407xx.o(RESET) refers to stm32f4xx_it.o(i.TIM8_BRK_TIM12_IRQHandler) for TIM8_BRK_TIM12_IRQHandler
    startup_stm32f407xx.o(RESET) refers to stm32f4xx_it.o(i.TIM8_UP_TIM13_IRQHandler) for TIM8_UP_TIM13_IRQHandler
    startup_stm32f407xx.o(RESET) refers to stm32f4xx_it.o(i.TIM8_TRG_COM_TIM14_IRQHandler) for TIM8_TRG_COM_TIM14_IRQHandler
    startup_stm32f407xx.o(RESET) refers to stm32f4xx_it.o(i.TIM8_CC_IRQHandler) for TIM8_CC_IRQHandler
    startup_stm32f407xx.o(.text) refers (Special) to heapauxi.o(.text) for __use_two_region_memory
    startup_stm32f407xx.o(.text) refers to system_stm32f4xx.o(i.SystemInit) for SystemInit
    startup_stm32f407xx.o(.text) refers to __main.o(!!!main) for __main
    startup_stm32f407xx.o(.text) refers to startup_stm32f407xx.o(HEAP) for Heap_Mem
    startup_stm32f407xx.o(.text) refers to startup_stm32f407xx.o(STACK) for Stack_Mem
    main.o(i.SystemClock_Config) refers to rt_memclr_w.o(.text) for __aeabi_memclr4
    main.o(i.SystemClock_Config) refers to stm32f4xx_hal_rcc.o(i.HAL_RCC_OscConfig) for HAL_RCC_OscConfig
    main.o(i.SystemClock_Config) refers to main.o(i.Error_Handler) for Error_Handler
    main.o(i.SystemClock_Config) refers to stm32f4xx_hal_rcc.o(i.HAL_RCC_ClockConfig) for HAL_RCC_ClockConfig
    main.o(i.main) refers to stm32f4xx_hal.o(i.HAL_Init) for HAL_Init
    main.o(i.main) refers to main.o(i.SystemClock_Config) for SystemClock_Config
    main.o(i.main) refers to gpio.o(i.MX_GPIO_Init) for MX_GPIO_Init
    main.o(i.main) refers to dma.o(i.MX_DMA_Init) for MX_DMA_Init
    main.o(i.main) refers to spi.o(i.MX_SPI1_Init) for MX_SPI1_Init
    main.o(i.main) refers to tim.o(i.MX_TIM10_Init) for MX_TIM10_Init
    main.o(i.main) refers to tim.o(i.MX_TIM1_Init) for MX_TIM1_Init
    main.o(i.main) refers to tim.o(i.MX_TIM8_Init) for MX_TIM8_Init
    main.o(i.main) refers to tim.o(i.MX_TIM12_Init) for MX_TIM12_Init
    main.o(i.main) refers to usart.o(i.MX_USART1_UART_Init) for MX_USART1_UART_Init
    main.o(i.main) refers to stm32f4xx_hal_tim.o(i.HAL_TIM_Base_Start) for HAL_TIM_Base_Start
    main.o(i.main) refers to stm32f4xx_hal_tim.o(i.HAL_TIM_PWM_Start) for HAL_TIM_PWM_Start
    main.o(i.main) refers to stm32f4xx_hal_tim.o(i.HAL_TIM_IC_Start_IT) for HAL_TIM_IC_Start_IT
    main.o(i.main) refers to bmi088driver.o(i.BMI088_init) for BMI088_init
    main.o(i.main) refers to bmi088driver.o(i.BMI088_read) for BMI088_read
    main.o(i.main) refers to f2d.o(x$fpl$f2d) for __aeabi_f2d
    main.o(i.main) refers to get_angle.o(i.MahonyAHRSupdateIMU) for MahonyAHRSupdateIMU
    main.o(i.main) refers to stm32f4xx_hal.o(i.HAL_Delay) for HAL_Delay
[...]
    i.HAL_TIM_Base_Init                      0x080017f0   Section        0  stm32f4xx_hal_tim.o(i.HAL_TIM_Base_Init)
    i.HAL_TIM_Base_MspInit                   0x08001828   Section        0  tim.o(i.HAL_TIM_Base_MspInit)
    i.HAL_TIM_Base_Start                     0x080019d4   Section        0  stm32f4xx_hal_tim.o(i.HAL_TIM_Base_Start)
    i.HAL_TIM_ConfigClockSource              0x080019f8   Section        0  stm32f4xx_hal_tim.o(i.HAL_TIM_ConfigClockSource)
    i.HAL_TIM_IC_CaptureCallback             0x08001adc   Section        0  control_get.o(i.HAL_TIM_IC_CaptureCallback)
    i.HAL_TIM_IC_ConfigChannel               0x080021c0   Section        0  stm32f4xx_hal_tim.o(i.HAL_TIM_IC_ConfigChannel)
    i.HAL_TIM_IC_Init                        0x0800227e   Section        0  stm32f4xx_hal_tim.o(i.HAL_TIM_IC_Init)
    i.HAL_TIM_IC_MspInit                     0x080022b8   Section        0  tim.o(i.HAL_TIM_IC_MspInit)
    i.HAL_TIM_IC_Start_IT                    0x08002350   Section        0  stm32f4xx_hal_tim.o(i.HAL_TIM_IC_Start_IT)
    i.HAL_TIM_IC_Stop_IT                     0x080023ae   Section        0  stm32f4xx_hal_tim.o(i.HAL_TIM_IC_Stop_IT)
    i.HAL_TIM_IRQHandler                     0x08002414   Section        0  stm32f4xx_hal_tim.o(i.HAL_TIM_IRQHandler)
    i.HAL_TIM_MspPostInit                    0x08002588   Section        0  tim.o(i.HAL_TIM_MspPostInit)
    i.HAL_TIM_OC_DelayElapsedCallback        0x08002684   Section        0  stm32f4xx_hal_tim.o(i.HAL_TIM_OC_DelayElapsedCallback)
    i.HAL_TIM_PWM_ConfigChannel              0x08002686   Section        0  stm32f4xx_hal_tim.o(i.HAL_TIM_PWM_ConfigChannel)
    i.HAL_TIM_PWM_Init                       0x08002762   Section        0  stm32f4xx_hal_tim.o(i.HAL_TIM_PWM_Init)
    i.HAL_TIM_PWM_MspInit                    0x0800279a   Section        0  stm32f4xx_hal_tim.o(i.HAL_TIM_PWM_MspInit)
    i.HAL_TIM_PWM_PulseFinishedCallback      0x0800279c   Section        0  stm32f4xx_hal_tim.o(i.HAL_TIM_PWM_PulseFinishedCallback)
    i.HAL_TIM_PWM_Start                      0x0800279e   Section        0  stm32f4xx_hal_tim.o(i.HAL_TIM_PWM_Start)
    i.HAL_TIM_PeriodElapsedCallback          0x080027e0   Section        0  stm32f4xx_hal_tim.o(i.HAL_TIM_PeriodElapsedCallback)
    i.HAL_TIM_ReadCapturedValue              0x080027e2   Section        0  stm32f4xx_hal_tim.o(i.HAL_TIM_ReadCapturedValue)
    i.HAL_TIM_TriggerCallback                0x0800280e   Section        0  stm32f4xx_hal_tim.o(i.HAL_TIM_TriggerCallback)
    i.HAL_UART_ErrorCallback                 0x08002810   Section        0  stm32f4xx_hal_uart.o(i.HAL_UART_ErrorCallback)
    i.HAL_UART_IRQHandler                    0x08002814   Section        0  stm32f4xx_hal_uart.o(i.HAL_UART_IRQHandler)
    i.HAL_UART_Init                          0x0800294c   Section        0  stm32f4xx_hal_uart.o(i.HAL_UART_Init)
    i.HAL_UART_MspInit                       0x080029b0   Section        0  usart.o(i.HAL_UART_MspInit)
    i.HAL_UART_RxCpltCallback                0x08002a88   Section        0  stm32f4xx_hal_uart.o(i.HAL_UART_RxCpltCallback)
    i.HAL_UART_Transmit                      0x08002a8a   Section        0  stm32f4xx_hal_uart.o(i.HAL_UART_Transmit)
    i.HAL_UART_TxCpltCallback                0x08002b66   Section        0  stm32f4xx_hal_uart.o(i.HAL_UART_TxCpltCallback)
    i.HardFault_Handler                      0x08002b68   Section        0  stm32f4xx_it.o(i.HardFault_Handler)
    i.MX_DMA_Init                            0x08002b6c   Section        0  dma.o(i.MX_DMA_Init)
    i.MX_GPIO_Init                           0x08002bb4   Section        0  gpio.o(i.MX_GPIO_Init)
    i.MX_SPI1_Init                           0x08002d20   Section        0  spi.o(i.MX_SPI1_Init)
    i.MX_TIM10_Init                          0x08002d68   Section        0  tim.o(i.MX_TIM10_Init)
    i.MX_TIM12_Init                          0x08002dd4   Section        0  tim.o(i.MX_TIM12_Init)
    i.MX_TIM1_Init                           0x08002e44   Section        0  tim.o(i.MX_TIM1_Init)
    i.MX_TIM8_Init                           0x08002f50   Section        0  tim.o(i.MX_TIM8_Init)
    i.MX_USART1_UART_Init                    0x08003074   Section        0  usart.o(i.MX_USART1_UART_Init)
    i.MahonyAHRSupdateIMU                    0x080030ac   Section        0  get_angle.o(i.MahonyAHRSupdateIMU)
    i.MemManage_Handler                      0x0800343c   Section        0  stm32f4xx_it.o(i.MemManage_Handler)
    i.NMI_Handler                            0x08003440   Section        0  stm32f4xx_it.o(i.NMI_Handler)
    i.PendSV_Handler                         0x08003442   Section        0  stm32f4xx_it.o(i.PendSV_Handler)
    i.QuaternionToAngleAxis                  0x08003444   Section        0  get_angle.o(i.QuaternionToAngleAxis)
    QuaternionToAngleAxis                    0x08003445   Thumb Code   362  get_angle.o(i.QuaternionToAngleAxis)
    i.SPI_EndRxTxTransaction                 0x080035c4   Section        0  stm32f4xx_hal_spi.o(i.SPI_EndRxTxTransaction)
    SPI_EndRxTxTransaction                   0x080035c5   Thumb Code    92  stm32f4xx_hal_spi.o(i.SPI_EndRxTxTransaction)
    i.SPI_WaitFlagStateUntilTimeout          0x08003628   Section        0  stm32f4xx_hal_spi.o(i.SPI_WaitFlagStateUntilTimeout)
    SPI_WaitFlagStateUntilTimeout            0x08003629   Thumb Code   166  stm32f4xx_hal_spi.o(i.SPI_WaitFlagStateUntilTimeout)
    i.SVC_Handler                            0x080036ce   Section        0  stm32f4xx_it.o(i.SVC_Handler)
    i.SysTick_Handler                        0x080036d0   Section        0  stm32f4xx_it.o(i.SysTick_Handler)
    i.SystemClock_Config                     0x080036d8   Section        0  main.o(i.SystemClock_Config)
    i.SystemInit                             0x0800378c   Section        0  system_stm32f4xx.o(i.SystemInit)
    i.TIM1_BRK_TIM9_IRQHandler               0x080037f0   Section        0  stm32f4xx_it.o(i.TIM1_BRK_TIM9_IRQHandler)
    i.TIM1_CC_IRQHandler                     0x08003800   Section        0  stm32f4xx_it.o(i.TIM1_CC_IRQHandler)
    i.TIM1_TRG_COM_TIM11_IRQHandler          0x08003810   Section        0  stm32f4xx_it.o(i.TIM1_TRG_COM_TIM11_IRQHandler)
    i.TIM1_UP_TIM10_IRQHandler               0x08003820   Section        0  stm32f4xx_it.o(i.TIM1_UP_TIM10_IRQHandler)
    i.TIM8_BRK_TIM12_IRQHandler              0x08003838   Section        0  stm32f4xx_it.o(i.TIM8_BRK_TIM12_IRQHandler)
    i.TIM8_CC_IRQHandler                     0x08003850   Section        0  stm32f4xx_it.o(i.TIM8_CC_IRQHandler)
    i.TIM8_TRG_COM_TIM14_IRQHandler          0x08003860   Section        0  stm32f4xx_it.o(i.TIM8_TRG_COM_TIM14_IRQHandler)
    i.TIM8_UP_TIM13_IRQHandler               0x08003870   Section        0  stm32f4xx_it.o(i.TIM8_UP_TIM13_IRQHandler)
    i.TIM_Base_SetConfig                     0x08003880   Section        0  stm32f4xx_hal_tim.o(i.TIM_Base_SetConfig)
    i.TIM_CCxChannelCmd                      0x0800394c   Section        0  stm32f4xx_hal_tim.o(i.TIM_CCxChannelCmd)
    i.TIM_ETR_SetConfig                      0x0800396a   Section        0  stm32f4xx_hal_tim.o(i.TIM_ETR_SetConfig)
    i.TIM_ITRx_SetConfig                     0x08003980   Section        0  stm32f4xx_hal_tim.o(i.TIM_ITRx_SetConfig)
    TIM_ITRx_SetConfig                       0x08003981   Thumb Code    16  stm32f4xx_hal_tim.o(i.TIM_ITRx_SetConfig)
    i.TIM_OC1_SetConfig                      0x08003990   Section        0  stm32f4xx_hal_tim.o(i.TIM_OC1_SetConfig)
    TIM_OC1_SetConfig                        0x08003991   Thumb Code   104  stm32f4xx_hal_tim.o(i.TIM_OC1_SetConfig)
    i.TIM_OC2_SetConfig                      0x08003a00   Section        0  stm32f4xx_hal_tim.o(i.TIM_OC2_SetConfig)
    i.TIM_OC3_SetConfig                      0x08003a78   Section        0  stm32f4xx_hal_tim.o(i.TIM_OC3_SetConfig)
    TIM_OC3_SetConfig                        0x08003a79   Thumb Code   112  stm32f4xx_hal_tim.o(i.TIM_OC3_SetConfig)
    i.TIM_OC4_SetConfig                      0x08003af0   Section        0  stm32f4xx_hal_tim.o(i.TIM_OC4_SetConfig)
    TIM_OC4_SetConfig                        0x08003af1   Thumb Code    88  stm32f4xx_hal_tim.o(i.TIM_OC4_SetConfig)
    i.TIM_TI1_ConfigInputStage               0x08003b48   Section        0  stm32f4xx_hal_tim.o(i.TIM_TI1_ConfigInputStage)
    TIM_TI1_ConfigInputStage                 0x08003b49   Thumb Code    38  stm32f4xx_hal_tim.o(i.TIM_TI1_ConfigInputStage)
    i.TIM_TI1_SetConfig                      0x08003b6e   Section        0  stm32f4xx_hal_tim.o(i.TIM_TI1_SetConfig)
    i.TIM_TI2_ConfigInputStage               0x08003bfc   Section        0  stm32f4xx_hal_tim.o(i.TIM_TI2_ConfigInputStage)
    TIM_TI2_ConfigInputStage                 0x08003bfd   Thumb Code    36  stm32f4xx_hal_tim.o(i.TIM_TI2_ConfigInputStage)
    i.TIM_TI2_SetConfig                      0x08003c20   Section        0  stm32f4xx_hal_tim.o(i.TIM_TI2_SetConfig)
    TIM_TI2_SetConfig                        0x08003c21   Thumb Code    64  stm32f4xx_hal_tim.o(i.TIM_TI2_SetConfig)
    i.TIM_TI3_SetConfig                      0x08003c60   Section        0  stm32f4xx_hal_tim.o(i.TIM_TI3_SetConfig)
    TIM_TI3_SetConfig                        0x08003c61   Thumb Code    60  stm32f4xx_hal_tim.o(i.TIM_TI3_SetConfig)
    i.TIM_TI4_SetConfig                      0x08003c9c   Section        0  stm32f4xx_hal_tim.o(i.TIM_TI4_SetConfig)
    TIM_TI4_SetConfig                        0x08003c9d   Thumb Code    64  stm32f4xx_hal_tim.o(i.TIM_TI4_SetConfig)
    i.UART_DMAAbortOnError                   0x08003cdc   Section        0  stm32f4xx_hal_uart.o(i.UART_DMAAbortOnError)
    UART_DMAAbortOnError                     0x08003cdd   Thumb Code    16  stm32f4xx_hal_uart.o(i.UART_DMAAbortOnError)
    i.UART_EndRxTransfer                     0x08003cec   Section        0  stm32f4xx_hal_uart.o(i.UART_EndRxTransfer)
    UART_EndRxTransfer                       0x08003ced   Thumb Code    28  stm32f4xx_hal_uart.o(i.UART_EndRxTransfer)
    i.UART_EndTransmit_IT                    0x08003d08   Section        0  stm32f4xx_hal_uart.o(i.UART_EndTransmit_IT)
    UART_EndTransmit_IT                      0x08003d09   Thumb Code    26  stm32f4xx_hal_uart.o(i.UART_EndTransmit_IT)
    i.UART_Receive_IT                        0x08003d22   Section        0  stm32f4xx_hal_uart.o(i.UART_Receive_IT)
    UART_Receive_IT                          0x08003d23   Thumb Code   156  stm32f4xx_hal_uart.o(i.UART_Receive_IT)
    i.UART_SetConfig                         0x08003dc0   Section        0  stm32f4xx_hal_uart.o(i.UART_SetConfig)
    UART_SetConfig                           0x08003dc1   Thumb Code   818  stm32f4xx_hal_uart.o(i.UART_SetConfig)
    i.UART_Transmit_IT                       0x08004100   Section        0  stm32f4xx_hal_uart.o(i.UART_Transmit_IT)
    UART_Transmit_IT                         0x08004101   Thumb Code   102  stm32f4xx_hal_uart.o(i.UART_Transmit_IT)
    i.UART_WaitOnFlagUntilTimeout            0x08004166   Section        0  stm32f4xx_hal_uart.o(i.UART_WaitOnFlagUntilTimeout)
    UART_WaitOnFlagUntilTimeout              0x08004167   Thumb Code   120  stm32f4xx_hal_uart.o(i.UART_WaitOnFlagUntilTimeout)
    i.USART1_IRQHandler                      0x080041e0   Section        0  stm32f4xx_it.o(i.USART1_IRQHandler)
    i.UsageFault_Handler                     0x080041f0   Section        0  stm32f4xx_it.o(i.UsageFault_Handler)
    i.__ARM_fpclassify                       0x080041f4   Section        0  fpclassify.o(i.__ARM_fpclassify)
    i.__hardfp_asin                          0x08004228   Section        0  asin.o(i.__hardfp_asin)
    i.__hardfp_atan                          0x08004588   Section        0  atan.o(i.__hardfp_atan)
    i.__kernel_poly                          0x08004860   Section        0  poly.o(i.__kernel_poly)
    i.__mathlib_dbl_infnan                   0x08004958   Section        0  dunder.o(i.__mathlib_dbl_infnan)
    i.__mathlib_dbl_invalid                  0x08004970   Section        0  dunder.o(i.__mathlib_dbl_invalid)
    i.__mathlib_dbl_underflow                0x08004990   Section        0  dunder.o(i.__mathlib_dbl_underflow)
    i.bmi088_accel_init                      0x080049b0   Section        0  bmi088driver.o(i.bmi088_accel_init)
    i.bmi088_gyro_init                       0x08004ad8   Section        0  bmi088driver.o(i.bmi088_gyro_init)
    i.fabs                                   0x08004bcc   Section        0  fabs.o(i.fabs)
    i.invSqrt                                0x08004be4   Section        0  get_angle.o(i.invSqrt)
    i.main                                   0x08004c20   Section        0  main.o(i.main)
    i.sqrt                                   0x08004e44   Section        0  sqrt.o(i.sqrt)
    i.task1                                  0x08004eb4   Section        0  control_get.o(i.task1)
    x$fpl$basic                              0x08004f34   Section       24  basic.o(x$fpl$basic)
    $v0                                      0x08004f34   Number         0  basic.o(x$fpl$basic)
    x$fpl$d2f                                0x08004f4c   Section       98  d2f.o(x$fpl$d2f)
    $v0                                      0x08004f4c   Number         0  d2f.o(x$fpl$d2f)
    x$fpl$dadd                               0x08004fb0   Section      336  daddsub_clz.o(x$fpl$dadd)
    $v0                                      0x08004fb0   Number         0  daddsub_clz.o(x$fpl$dadd)
    _dadd1                                   0x08004fc1   Thumb Code     0  daddsub_clz.o(x$fpl$dadd)
    x$fpl$ddiv                               0x08005100   Section      688  ddiv.o(x$fpl$ddiv)
    $v0                                      0x08005100   Number         0  ddiv.o(x$fpl$ddiv)
    ddiv_entry                               0x08005107   Thumb Code     0  ddiv.o(x$fpl$ddiv)
    x$fpl$dmul                               0x080053b0   Section      340  dmul.o(x$fpl$dmul)
    $v0                                      0x080053b0   Number         0  dmul.o(x$fpl$dmul)
    x$fpl$dnaninf                            0x08005504   Section      156  dnaninf.o(x$fpl$dnaninf)
    $v0                                      0x08005504   Number         0  dnaninf.o(x$fpl$dnaninf)
    x$fpl$dretinf                            0x080055a0   Section       12  dretinf.o(x$fpl$dretinf)
    $v0                                      0x080055a0   Number         0  dretinf.o(x$fpl$dretinf)
    x$fpl$drsb                               0x080055ac   Section       22  daddsub_clz.o(x$fpl$drsb)
    $v0                                      0x080055ac   Number         0  daddsub_clz.o(x$fpl$drsb)
    x$fpl$dsqrt                              0x080055c4   Section      408  dsqrt_umaal.o(x$fpl$dsqrt)
    $v0                                      0x080055c4   Number         0  dsqrt_umaal.o(x$fpl$dsqrt)
    x$fpl$dsub                               0x0800575c   Section      468  daddsub_clz.o(x$fpl$dsub)
    $v0                                      0x0800575c   Number         0  daddsub_clz.o(x$fpl$dsub)
    _dsub1                                   0x0800576d   Thumb Code     0  daddsub_clz.o(x$fpl$dsub)
    x$fpl$f2d                                0x08005930   Section       86  f2d.o(x$fpl$f2d)
    $v0                                      0x08005930   Number         0  f2d.o(x$fpl$f2d)
    x$fpl$fnaninf                            0x08005986   Section      140  fnaninf.o(x$fpl$fnaninf)
    $v0                                      0x08005986   Number         0  fnaninf.o(x$fpl$fnaninf)
    x$fpl$fpinit                             0x08005a12   Section       10  fpinit.o(x$fpl$fpinit)
    $v0                                      0x08005a12   Number         0  fpinit.o(x$fpl$fpinit)
    x$fpl$fretinf                            0x08005a1c   Section       10  fretinf.o(x$fpl$fretinf)
    $v0                                      0x08005a1c   Number         0  fretinf.o(x$fpl$fretinf)
    .constdata                               0x08005a26   Section       24  system_stm32f4xx.o(.constdata)
    x$fpl$usenofp                            0x08005a26   Section        0  usenofp.o(x$fpl$usenofp)
    .constdata                               0x08005a3e   Section        8  stm32f4xx_hal_dma.o(.constdata)
    flagBitshiftOffset                       0x08005a3e   Data           8  stm32f4xx_hal_dma.o(.constdata)
    .constdata                               0x08005a48   Section       80  asin.o(.constdata)
    pS                                       0x08005a48   Data          48  asin.o(.constdata)
    qS                                       0x08005a78   Data          32  asin.o(.constdata)
    .constdata                               0x08005a98   Section      152  atan.o(.constdata)
    atanhi                                   0x08005a98   Data          32  atan.o(.constdata)
    atanlo                                   0x08005ab8   Data          32  atan.o(.constdata)
    aTodd                                    0x08005ad8   Data          40  atan.o(.constdata)
    aTeven                                   0x08005b00   Data          48  atan.o(.constdata)
    .data                                    0x20000000   Section        8  main.o(.data)
    .data                                    0x20000008   Section        4  system_stm32f4xx.o(.data)
    .data                                    0x2000000c   Section       70  control_get.o(.data)
    .data                                    0x20000054   Section       36  get_angle.o(.data)
    .data                                    0x20000078   Section       44  bmi088driver.o(.data)
    write_BMI088_accel_reg_data_error        0x20000080   Data          18  bmi088driver.o(.data)
    write_BMI088_gyro_reg_data_error         0x20000092   Data          18  bmi088driver.o(.data)
    .data                                    0x200000a4   Section       12  stm32f4xx_hal.o(.data)
    .bss                                     0x200000b0   Section       52  main.o(.bss)
    .bss                                     0x200000e4   Section      280  spi.o(.bss)
    .bss                                     0x200001fc   Section      256  tim.o(.bss)
    .bss                                     0x200002fc   Section       64  usart.o(.bss)
    .bss                                     0x2000033c   Section       96  libspace.o(.bss)
    HEAP                                     0x200003a0   Section     8192  startup_stm32f407xx.o(HEAP)
    Heap_Mem                                 0x200003a0   Data        8192  startup_stm32f407xx.o(HEAP)
    STACK                                    0x200023a0   Section     8192  startup_stm32f407xx.o(STACK)
    Stack_Mem                                0x200023a0   Data        8192  startup_stm32f407xx.o(STACK)
    __initial_sp                             0x200043a0   Data           0  startup_stm32f407xx.o(STACK)

    Global Symbols

    Symbol Name                              Value     Ov Type        Size  Object(Section)

    BuildAttributes$$THM_ISAv4$E$P$D$K$B$S$7EM$VFPi3$EXTD16$VFPS$VFMA$PE$A:L22UL41UL21$X:L11$S22US41US21$IEEE1$IW$USESV6$~STKCKD$USESV7$~SHL$OTIME$ROPI$IEEEX$EBA8$UX$STANDARDLIB$REQ8$PRES8$EABIv2 0x00000000   Number         0  anon$$obj.o ABSOLUTE
    __ARM_use_no_argv                        0x00000000   Number         0  main.o ABSOLUTE
    __ARM_exceptions_init                     - Undefined Weak Reference
    __alloca_initialize                       - Undefined Weak Reference
    __arm_preinit_                            - Undefined Weak Reference
    __cpp_initialize__aeabi_                  - Undefined Weak Reference
    __cxa_finalize                            - Undefined Weak Reference
    __rt_locale                               - Undefined Weak Reference
    __sigvec_lookup                           - Undefined Weak Reference
    _atexit_init                              - Undefined Weak Reference
    _call_atexit_fns                          - Undefined Weak Reference
    _clock_init                               - Undefined Weak Reference
    _fp_trap_init                             - Undefined Weak Reference
    _fp_trap_shutdown                         - Undefined Weak Reference
    _get_lc_collate                           - Undefined Weak Reference
    _get_lc_ctype                             - Undefined Weak Reference
    _get_lc_monetary                          - Undefined Weak Reference
    _get_lc_numeric                           - Undefined Weak Reference
    _get_lc_time                              - Undefined Weak Reference
    _getenv_init                              - Undefined Weak Reference
    _handle_redirection                       - Undefined Weak Reference
    _init_alloc                               - Undefined Weak Reference
    _init_user_alloc                          - Undefined Weak Reference
    _initio                                   - Undefined Weak Reference
    _rand_init                                - Undefined Weak Reference
    _signal_finish                            - Undefined Weak Reference
    _signal_init                              - Undefined Weak Reference
    _terminate_alloc                          - Undefined Weak Reference
    _terminate_user_alloc                     - Undefined Weak Reference
    _terminateio                              - Undefined Weak Reference
    __Vectors_Size                           0x00000188   Number         0  startup_stm32f407xx.o ABSOLUTE
    __Vectors                                0x08000000   Data           4  startup_stm32f407xx.o(RESET)
    __Vectors_End                            0x08000188   Data           0  startup_stm32f407xx.o(RESET)
    __main                                   0x08000189   Thumb Code     8  __main.o(!!!main)
    __scatterload                            0x08000191   Thumb Code     0  __scatter.o(!!!scatter)
    __scatterload_rt2                        0x08000191   Thumb Code    44  __scatter.o(!!!scatter)
    __scatterload_rt2_thumb_only             0x08000191   Thumb Code     0  __scatter.o(!!!scatter)
    __scatterload_null                       0x0800019f   Thumb Code     0  __scatter.o(!!!scatter)
    __scatterload_copy                       0x080001c5   Thumb Code    26  __scatter_copy.o(!!handler_copy)
    __scatterload_zeroinit                   0x080001e1   Thumb Code    28  __scatter_zi.o(!!handler_zi)
    __rt_lib_init                            0x080001fd   Thumb Code     0  libinit.o(.ARM.Collect$$libinit$$00000000)
    __rt_lib_init_fp_1                       0x080001ff   Thumb Code     0  libinit2.o(.ARM.Collect$$libinit$$00000001)
    __rt_lib_init_alloca_1                   0x08000203   Thumb Code     0  libinit2.o(.ARM.Collect$$libinit$$0000002E)
    __rt_lib_init_argv_1                     0x08000203   Thumb Code     0  libinit2.o(.ARM.Collect$$libinit$$0000002C)
    __rt_lib_init_atexit_1                   0x08000203   Thumb Code     0  libinit2.o(.ARM.Collect$$libinit$$0000001B)
    __rt_lib_init_clock_1                    0x08000203   Thumb Code     0  libinit2.o(.ARM.Collect$$libinit$$00000021)
    __rt_lib_init_cpp_1                      0x08000203   Thumb Code     0  libinit2.o(.ARM.Collect$$libinit$$00000032)
    __rt_lib_init_exceptions_1               0x08000203   Thumb Code     0  libinit2.o(.ARM.Collect$$libinit$$00000030)
    __rt_lib_init_fp_trap_1                  0x08000203   Thumb Code     0  libinit2.o(.ARM.Collect$$libinit$$0000001F)
    __rt_lib_init_getenv_1                   0x08000203   Thumb Code     0  libinit2.o(.ARM.Collect$$libinit$$00000023)
    __rt_lib_init_heap_1                     0x08000203   Thumb Code     0  libinit2.o(.ARM.Collect$$libinit$$0000000A)
    __rt_lib_init_lc_collate_1               0x08000203   Thumb Code     0  libinit2.o(.ARM.Collect$$libinit$$00000011)
    __rt_lib_init_lc_ctype_1                 0x08000203   Thumb Code     0  libinit2.o(.ARM.Collect$$libinit$$00000013)
    __rt_lib_init_lc_monetary_1              0x08000203   Thumb Code     0  libinit2.o(.ARM.Collect$$libinit$$00000015)
    __rt_lib_init_lc_numeric_1               0x08000203   Thumb Code     0  libinit2.o(.ARM.Collect$$libinit$$00000017)
    __rt_lib_init_lc_time_1                  0x08000203   Thumb Code     0  libinit2.o(.ARM.Collect$$libinit$$00000019)
    __rt_lib_init_preinit_1                  0x08000203   Thumb Code     0  libinit2.o(.ARM.Collect$$libinit$$00000004)
    __rt_lib_init_rand_1                     0x08000203   Thumb Code     0  libinit2.o(.ARM.Collect$$libinit$$0000000E)
    __rt_lib_init_return                     0x08000203   Thumb Code     0  libinit2.o(.ARM.Collect$$libinit$$00000033)
    __rt_lib_init_signal_1                   0x08000203   Thumb Code     0  libinit2.o(.ARM.Collect$$libinit$$0000001D)
    __rt_lib_init_stdio_1                    0x08000203   Thumb Code     0  libinit2.o(.ARM.Collect$$libinit$$00000025)
    __rt_lib_init_user_alloc_1               0x08000203   Thumb Code     0  libinit2.o(.ARM.Collect$$libinit$$0000000C)
    __rt_lib_shutdown                        0x08000205   Thumb Code     0  libshutdown.o(.ARM.Collect$$libshutdown$$00000000)
    __rt_lib_shutdown_cpp_1                  0x08000207   Thumb Code     0  libshutdown2.o(.ARM.Collect$$libshutdown$$00000002)
    __rt_lib_shutdown_fp_trap_1              0x08000207   Thumb Code     0  libshutdown2.o(.ARM.Collect$$libshutdown$$00000007)
    __rt_lib_shutdown_heap_1                 0x08000207   Thumb Code     0  libshutdown2.o(.ARM.Collect$$libshutdown$$0000000F)
    __rt_lib_shutdown_return                 0x08000207   Thumb Code     0  libshutdown2.o(.ARM.Collect$$libshutdown$$00000010)
    __rt_lib_shutdown_signal_1               0x08000207   Thumb Code     0  libshutdown2.o(.ARM.Collect$$libshutdown$$0000000A)
    __rt_lib_shutdown_stdio_1                0x08000207   Thumb Code     0  libshutdown2.o(.ARM.Collect$$libshutdown$$00000004)
    __rt_lib_shutdown_user_alloc_1           0x08000207   Thumb Code     0  libshutdown2.o(.ARM.Collect$$libshutdown$$0000000C)
    __rt_entry                               0x08000209   Thumb Code     0  __rtentry.o(.ARM.Collect$$rtentry$$00000000)
    __rt_entry_presh_1                       0x08000209   Thumb Code     0  __rtentry2.o(.ARM.Collect$$rtentry$$00000002)
    __rt_entry_sh                            0x08000209   Thumb Code     0  __rtentry4.o(.ARM.Collect$$rtentry$$00000004)
    __rt_entry_li                            0x0800020f   Thumb Code     0  __rtentry2.o(.ARM.Collect$$rtentry$$0000000A)
    __rt_entry_postsh_1                      0x0800020f   Thumb Code     0  __rtentry2.o(.ARM.Collect$$rtentry$$00000009)
    __rt_entry_main                          0x08000213   Thumb Code     0  __rtentry2.o(.ARM.Collect$$rtentry$$0000000D)
    __rt_entry_postli_1                      0x08000213   Thumb Code     0  __rtentry2.o(.ARM.Collect$$rtentry$$0000000C)
    __rt_exit                                0x0800021b   Thumb Code     0  rtexit.o(.ARM.Collect$$rtexit$$00000000)
    __rt_exit_ls                             0x0800021d   Thumb Code     0  rtexit2.o(.ARM.Collect$$rtexit$$00000003)
    __rt_exit_prels_1                        0x0800021d   Thumb Code     0  rtexit2.o(.ARM.Collect$$rtexit$$00000002)
    __rt_exit_exit                           0x08000221   Thumb Code     0  rtexit2.o(.ARM.Collect$$rtexit$$00000004)
    Reset_Handler                            0x08000229   Thumb Code     8  startup_stm32f407xx.o(.text)
    ADC_IRQHandler                           0x08000243   Thumb Code     0  startup_stm32f407xx.o(.text)
    CAN1_RX0_IRQHandler                      0x08000243   Thumb Code     0  startup_stm32f407xx.o(.text)
    CAN1_RX1_IRQHandler                      0x08000243   Thumb Code     0  startup_stm32f407xx.o(.text)
    CAN1_SCE_IRQHandler                      0x08000243   Thumb Code     0  startup_stm32f407xx.o(.text)
    CAN1_TX_IRQHandler                       0x08000243   Thumb Code     0  startup_stm32f407xx.o(.text)
    CAN2_RX0_IRQHandler                      0x08000243   Thumb Code     0  startup_stm32f407xx.o(.text)
    CAN2_RX1_IRQHandler                      0x08000243   Thumb Code     0  startup_stm32f407xx.o(.text)
    CAN2_SCE_IRQHandler                      0x08000243   Thumb Code     0  startup_stm32f407xx.o(.text)
    CAN2_TX_IRQHandler                       0x08000243   Thumb Code     0  startup_stm32f407xx.o(.text)
    DCMI_IRQHandler                          0x08000243   Thumb Code     0  startup_stm32f407xx.o(.text)
    DMA1_Stream0_IRQHandler                  0x08000243   Thumb Code     0  startup_stm32f407xx.o(.text)
    DMA1_Stream1_IRQHandler                  0x08000243   Thumb Code     0  startup_stm32f407xx.o(.text)
    DMA1_Stream2_IRQHandler                  0x08000243   Thumb Code     0  startup_stm32f407xx.o(.text)
    DMA1_Stream3_IRQHandler                  0x08000243   Thumb Code     0  startup_stm32f407xx.o(.text)
    DMA1_Stream4_IRQHandler                  0x08000243   Thumb Code     0  startup_stm32f407xx.o(.text)
    DMA1_Stream5_IRQHandler                  0x08000243   Thumb Code     0  startup_stm32f407xx.o(.text)
    DMA1_Stream6_IRQHandler                  0x08000243   Thumb Code     0  startup_stm32f407xx.o(.text)
    DMA1_Stream7_IRQHandler                  0x08000243   Thumb Code     0  startup_stm32f407xx.o(.text)
    DMA2_Stream0_IRQHandler                  0x08000243   Thumb Code     0  startup_stm32f407xx.o(.text)
    DMA2_Stream1_IRQHandler                  0x08000243   Thumb Code     0  startup_stm32f407xx.o(.text)
    DMA2_Stream2_IRQHandler                  0x08000243   Thumb Code     0  startup_stm32f407xx.o(.text)
    DMA2_Stream3_IRQHandler                  0x08000243   Thumb Code     0  startup_stm32f407xx.o(.text)
    DMA2_Stream4_IRQHandler                  0x08000243   Thumb Code     0  startup_stm32f407xx.o(.text)
    DMA2_Stream5_IRQHandler                  0x08000243   Thumb Code     0  startup_stm32f407xx.o(.text)
    DMA2_Stream6_IRQHandler                  0x08000243   Thumb Code     0  startup_stm32f407xx.o(.text)
    DMA2_Stream7_IRQHandler                  0x08000243   Thumb Code     0  startup_stm32f407xx.o(.text)
    ETH_IRQHandler                           0x08000243   Thumb Code     0  startup_stm32f407xx.o(.text)
    ETH_WKUP_IRQHandler                      0x08000243   Thumb Code     0  startup_stm32f407xx.o(.text)
    EXTI0_IRQHandler                         0x08000243   Thumb Code     0  startup_stm32f407xx.o(.text)
    EXTI15_10_IRQHandler                     0x08000243   Thumb Code     0  startup_stm32f407xx.o(.text)
    EXTI1_IRQHandler                         0x08000243   Thumb Code     0  startup_stm32f407xx.o(.text)
    EXTI2_IRQHandler                         0x08000243   Thumb Code     0  startup_stm32f407xx.o(.text)
    EXTI3_IRQHandler                         0x08000243   Thumb Code     0  startup_stm32f407xx.o(.text)
    FLASH_IRQHandler                         0x08000243   Thumb Code     0  startup_stm32f407xx.o(.text)
    FMC_IRQHandler                           0x08000243   Thumb Code     0  startup_stm32f407xx.o(.text)
    FPU_IRQHandler                           0x08000243   Thumb Code     0  startup_stm32f407xx.o(.text)
    HASH_RNG_IRQHandler                      0x08000243   Thumb Code     0  startup_stm32f407xx.o(.text)
    I2C1_ER_IRQHandler                       0x08000243   Thumb Code     0  startup_stm32f407xx.o(.text)
    I2C1_EV_IRQHandler                       0x08000243   Thumb Code     0  startup_stm32f407xx.o(.text)
    I2C2_ER_IRQHandler                       0x08000243   Thumb Code     0  startup_stm32f407xx.o(.text)
    I2C2_EV_IRQHandler                       0x08000243   Thumb Code     0  startup_stm32f407xx.o(.text)
    I2C3_ER_IRQHandler                       0x08000243   Thumb Code     0  startup_stm32f407xx.o(.text)
    I2C3_EV_IRQHandler                       0x08000243   Thumb Code     0  startup_stm32f407xx.o(.text)
    OTG_FS_IRQHandler                        0x08000243   Thumb Code     0  startup_stm32f407xx.o(.text)
    OTG_FS_WKUP_IRQHandler                   0x08000243   Thumb Code     0  startup_stm32f407xx.o(.text)
    OTG_HS_EP1_IN_IRQHandler                 0x08000243   Thumb Code     0  startup_stm32f407xx.o(.text)
    OTG_HS_EP1_OUT_IRQHandler                0x08000243   Thumb Code     0  startup_stm32f407xx.o(.text)
    OTG_HS_IRQHandler                        0x08000243   Thumb Code     0  startup_stm32f407xx.o(.text)
    OTG_HS_WKUP_IRQHandler                   0x08000243   Thumb Code     0  startup_stm32f407xx.o(.text)
    PVD_IRQHandler                           0x08000243   Thumb Code     0  startup_stm32f407xx.o(.text)
    RCC_IRQHandler                           0x08000243   Thumb Code     0  startup_stm32f407xx.o(.text)
    RTC_Alarm_IRQHandler                     0x08000243   Thumb Code     0  startup_stm32f407xx.o(.text)
    RTC_WKUP_IRQHandler                      0x08000243   Thumb Code     0  startup_stm32f407xx.o(.text)
    SDIO_IRQHandler                          0x08000243   Thumb Code     0  startup_stm32f407xx.o(.text)
    SPI1_IRQHandler                          0x08000243   Thumb Code     0  startup_stm32f407xx.o(.text)
    SPI2_IRQHandler                          0x08000243   Thumb Code     0  startup_stm32f407xx.o(.text)
    SPI3_IRQHandler                          0x08000243   Thumb Code     0  startup_stm32f407xx.o(.text)
    TAMP_STAMP_IRQHandler                    0x08000243   Thumb Code     0  startup_stm32f407xx.o(.text)
    TIM2_IRQHandler                          0x08000243   Thumb Code     0  startup_stm32f407xx.o(.text)
    TIM3_IRQHandler                          0x08000243   Thumb Code     0  startup_stm32f407xx.o(.text)
    TIM4_IRQHandler                          0x08000243   Thumb Code     0  startup_stm32f407xx.o(.text)
    TIM5_IRQHandler                          0x08000243   Thumb Code     0  startup_stm32f407xx.o(.text)
    TIM6_DAC_IRQHandler                      0x08000243   Thumb Code     0  startup_stm32f407xx.o(.text)
    TIM7_IRQHandler                          0x08000243   Thumb Code     0  startup_stm32f407xx.o(.text)
    UART4_IRQHandler                         0x08000243   Thumb Code     0  startup_stm32f407xx.o(.text)
    UART5_IRQHandler                         0x08000243   Thumb Code     0  startup_stm32f407xx.o(.text)
    USART2_IRQHandler                        0x08000243   Thumb Code     0  startup_stm32f407xx.o(.text)
    USART3_IRQHandler                        0x08000243   Thumb Code     0  startup_stm32f407xx.o(.text)
    USART6_IRQHandler                        0x08000243   Thumb Code     0  startup_stm32f407xx.o(.text)
    WWDG_IRQHandler                          0x08000243   Thumb Code     0  startup_stm32f407xx.o(.text)
    __user_initial_stackheap                 0x08000245   Thumb Code     0  startup_stm32f407xx.o(.text)
    __aeabi_uldivmod                         0x08000269   Thumb Code     0  lludivv7m.o(.text)
    _ll_udiv                                 0x08000269   Thumb Code   238  lludivv7m.o(.text)
    __aeabi_memclr4                          0x08000357   Thumb Code     0  rt_memclr_w.o(.text)
    __aeabi_memclr8                          0x08000357   Thumb Code     0  rt_memclr_w.o(.text)
    __rt_memclr_w                            0x08000357   Thumb Code    78  rt_memclr_w.o(.text)
    _memset_w                                0x0800035b   Thumb Code     0  rt_memclr_w.o(.text)
    __use_two_region_memory                  0x080003a5   Thumb Code     2  heapauxi.o(.text)
    __rt_heap_escrow$2region                 0x080003a7   Thumb Code     2  heapauxi.o(.text)
    __rt_heap_expand$2region                 0x080003a9   Thumb Code     2  heapauxi.o(.text)
    __read_errno                             0x080003ab   Thumb Code    10  _rserrno.o(.text)
    __set_errno                              0x080003b5   Thumb Code    12  _rserrno.o(.text)
    __aeabi_errno_addr                       0x080003c1   Thumb Code     8  rt_errno_addr_intlibspace.o(.text)
    __errno$intlibspace                      0x080003c1   Thumb Code     0  rt_errno_addr_intlibspace.o(.text)
    __rt_errno_addr$intlibspace              0x080003c1   Thumb Code     0  rt_errno_addr_intlibspace.o(.text)
    __user_libspace                          0x080003c9   Thumb Code     8  libspace.o(.text)
    __user_perproc_libspace                  0x080003c9   Thumb Code     0  libspace.o(.text)
    __user_perthread_libspace                0x080003c9   Thumb Code     0  libspace.o(.text)
    __user_setup_stackheap                   0x080003d1   Thumb Code    74  sys_stackheap_outer.o(.text)
    exit                                     0x0800041b   Thumb Code    18  exit.o(.text)
    _sys_exit                                0x0800042d   Thumb Code     8  sys_exit.o(.text)
    __I$use$semihosting                      0x08000439   Thumb Code     0  use_no_semi.o(.text)
    __use_no_semihosting_swi                 0x08000439   Thumb Code     2  use_no_semi.o(.text)
    __semihosting_library_function           0x0800043b   Thumb Code     0  indicate_semi.o(.text)
    BMI088_ACCEL_NS_H                        0x0800043d   Thumb Code    14  bmi088middleware.o(i.BMI088_ACCEL_NS_H)
    BMI088_ACCEL_NS_L                        0x08000451   Thumb Code    14  bmi088middleware.o(i.BMI088_ACCEL_NS_L)
    BMI088_GPIO_init                         0x08000465   Thumb Code     2  bmi088middleware.o(i.BMI088_GPIO_init)
    BMI088_GYRO_NS_H                         0x08000469   Thumb Code    14  bmi088middleware.o(i.BMI088_GYRO_NS_H)
    BMI088_GYRO_NS_L                         0x0800047d   Thumb Code    14  bmi088middleware.o(i.BMI088_GYRO_NS_L)
    BMI088_com_init                          0x08000491   Thumb Code     2  bmi088middleware.o(i.BMI088_com_init)
    BMI088_delay_ms                          0x08000493   Thumb Code    26  bmi088middleware.o(i.BMI088_delay_ms)
    BMI088_delay_us                          0x080004ad   Thumb Code    74  bmi088middleware.o(i.BMI088_delay_us)
    BMI088_init                              0x080004f7   Thumb Code    28  bmi088driver.o(i.BMI088_init)
    BMI088_read                              0x08000515   Thumb Code   372  bmi088driver.o(i.BMI088_read)
    BMI088_read_write_byte                   0x080006d1   Thumb Code    28  bmi088middleware.o(i.BMI088_read_write_byte)
    BusFault_Handler                         0x08000705   Thumb Code     4  stm32f4xx_it.o(i.BusFault_Handler)
    DebugMon_Handler                         0x080007bb   Thumb Code     2  stm32f4xx_it.o(i.DebugMon_Handler)
    EXTI4_IRQHandler                         0x080007bd   Thumb Code    10  stm32f4xx_it.o(i.EXTI4_IRQHandler)
    EXTI9_5_IRQHandler                       0x080007c7   Thumb Code    10  stm32f4xx_it.o(i.EXTI9_5_IRQHandler)
    Error_Handler                            0x080007d1   Thumb Code     2  main.o(i.Error_Handler)
    HAL_DMA_Abort_IT                         0x080007d3   Thumb Code    36  stm32f4xx_hal_dma.o(i.HAL_DMA_Abort_IT)
    HAL_DMA_Init                             0x080007f9   Thumb Code   230  stm32f4xx_hal_dma.o(i.HAL_DMA_Init)
    HAL_Delay                                0x080008e5   Thumb Code    34  stm32f4xx_hal.o(i.HAL_Delay)
    HAL_GPIO_EXTI_Callback                   0x0800090d   Thumb Code     2  stm32f4xx_hal_gpio.o(i.HAL_GPIO_EXTI_Callback)
    HAL_GPIO_EXTI_IRQHandler                 0x08000911   Thumb Code    18  stm32f4xx_hal_gpio.o(i.HAL_GPIO_EXTI_IRQHandler)
    HAL_GPIO_Init                            0x08000929   Thumb Code   518  stm32f4xx_hal_gpio.o(i.HAL_GPIO_Init)
    HAL_GPIO_WritePin                        0x08000b45   Thumb Code    14  stm32f4xx_hal_gpio.o(i.HAL_GPIO_WritePin)
    HAL_GetTick                              0x08000b55   Thumb Code     6  stm32f4xx_hal.o(i.HAL_GetTick)
    HAL_IncTick                              0x08000b61   Thumb Code    12  stm32f4xx_hal.o(i.HAL_IncTick)
    HAL_Init                                 0x08000b71   Thumb Code    48  stm32f4xx_hal.o(i.HAL_Init)
    HAL_InitTick                             0x08000ba5   Thumb Code    58  stm32f4xx_hal.o(i.HAL_InitTick)
    HAL_MspInit                              0x08000be9   Thumb Code    68  stm32f4xx_hal_msp.o(i.HAL_MspInit)
    HAL_NVIC_EnableIRQ                       0x08000c31   Thumb Code    28  stm32f4xx_hal_cortex.o(i.HAL_NVIC_EnableIRQ)
    HAL_NVIC_SetPriority                     0x08000c4d   Thumb Code    98  stm32f4xx_hal_cortex.o(i.HAL_NVIC_SetPriority)
    HAL_NVIC_SetPriorityGrouping             0x08000cb5   Thumb Code    30  stm32f4xx_hal_cortex.o(i.HAL_NVIC_SetPriorityGrouping)
    HAL_RCC_ClockConfig                      0x08000cd9   Thumb Code   352  stm32f4xx_hal_rcc.o(i.HAL_RCC_ClockConfig)
    HAL_RCC_GetHCLKFreq                      0x08000e4d   Thumb Code     6  stm32f4xx_hal_rcc.o(i.HAL_RCC_GetHCLKFreq)
    HAL_RCC_GetPCLK1Freq                     0x08000e59   Thumb Code    22  stm32f4xx_hal_rcc.o(i.HAL_RCC_GetPCLK1Freq)
    HAL_RCC_GetPCLK2Freq                     0x08000e79   Thumb Code    22  stm32f4xx_hal_rcc.o(i.HAL_RCC_GetPCLK2Freq)
    HAL_RCC_GetSysClockFreq                  0x08000e99   Thumb Code    94  stm32f4xx_hal_rcc.o(i.HAL_RCC_GetSysClockFreq)
    HAL_RCC_OscConfig                        0x08000f09   Thumb Code  1078  stm32f4xx_hal_rcc.o(i.HAL_RCC_OscConfig)
    HAL_SPI_Init                             0x0800133f   Thumb Code   130  stm32f4xx_hal_spi.o(i.HAL_SPI_Init)
    HAL_SPI_MspInit                          0x080013c1   Thumb Code   316  spi.o(i.HAL_SPI_MspInit)
    HAL_SPI_TransmitReceive                  0x08001519   Thumb Code   504  stm32f4xx_hal_spi.o(i.HAL_SPI_TransmitReceive)
    HAL_SYSTICK_Config                       0x08001711   Thumb Code    36  stm32f4xx_hal_cortex.o(i.HAL_SYSTICK_Config)
    HAL_TIMEx_BreakCallback                  0x08001739   Thumb Code     2  stm32f4xx_hal_tim_ex.o(i.HAL_TIMEx_BreakCallback)
    HAL_TIMEx_CommutCallback                 0x0800173b   Thumb Code     2  stm32f4xx_hal_tim_ex.o(i.HAL_TIMEx_CommutCallback)
    HAL_TIMEx_ConfigBreakDeadTime            0x0800173d   Thumb Code   102  stm32f4xx_hal_tim_ex.o(i.HAL_TIMEx_ConfigBreakDeadTime)
    HAL_TIMEx_MasterConfigSynchronization    0x080017a3   Thumb Code    78  stm32f4xx_hal_tim_ex.o(i.HAL_TIMEx_MasterConfigSynchronization)
    HAL_TIM_Base_Init                        0x080017f1   Thumb Code    56  stm32f4xx_hal_tim.o(i.HAL_TIM_Base_Init)
    HAL_TIM_Base_MspInit                     0x08001829   Thumb Code   404  tim.o(i.HAL_TIM_Base_MspInit)
    HAL_TIM_Base_Start                       0x080019d5   Thumb Code    36  stm32f4xx_hal_tim.o(i.HAL_TIM_Base_Start)
    HAL_TIM_ConfigClockSource                0x080019f9   Thumb Code   228  stm32f4xx_hal_tim.o(i.HAL_TIM_ConfigClockSource)
    HAL_TIM_IC_CaptureCallback               0x08001add   Thumb Code  1730  control_get.o(i.HAL_TIM_IC_CaptureCallback)
    HAL_TIM_IC_ConfigChannel                 0x080021c1   Thumb Code   190  stm32f4xx_hal_tim.o(i.HAL_TIM_IC_ConfigChannel)
    HAL_TIM_IC_Init                          0x0800227f   Thumb Code    56  stm32f4xx_hal_tim.o(i.HAL_TIM_IC_Init)
    HAL_TIM_IC_MspInit                       0x080022b9   Thumb Code   138  tim.o(i.HAL_TIM_IC_MspInit)
    HAL_TIM_IC_Start_IT                      0x08002351   Thumb Code    94  stm32f4xx_hal_tim.o(i.HAL_TIM_IC_Start_IT)
    HAL_TIM_IC_Stop_IT                       0x080023af   Thumb Code   102  stm32f4xx_hal_tim.o(i.HAL_TIM_IC_Stop_IT)
    HAL_TIM_IRQHandler                       0x08002415   Thumb Code   372  stm32f4xx_hal_tim.o(i.HAL_TIM_IRQHandler)
    HAL_TIM_MspPostInit                      0x08002589   Thumb Code   224  tim.o(i.HAL_TIM_MspPostInit)
    HAL_TIM_OC_DelayElapsedCallback          0x08002685   Thumb Code     2  stm32f4xx_hal_tim.o(i.HAL_TIM_OC_DelayElapsedCallback)
    HAL_TIM_PWM_ConfigChannel                0x08002687   Thumb Code   220  stm32f4xx_hal_tim.o(i.HAL_TIM_PWM_ConfigChannel)
    HAL_TIM_PWM_Init                         0x08002763   Thumb Code    56  stm32f4xx_hal_tim.o(i.HAL_TIM_PWM_Init)
    HAL_TIM_PWM_MspInit                      0x0800279b   Thumb Code     2  stm32f4xx_hal_tim.o(i.HAL_TIM_PWM_MspInit)
    HAL_TIM_PWM_PulseFinishedCallback        0x0800279d   Thumb Code     2  stm32f4xx_hal_tim.o(i.HAL_TIM_PWM_PulseFinishedCallback)
    HAL_TIM_PWM_Start                        0x0800279f   Thumb Code    66  stm32f4xx_hal_tim.o(i.HAL_TIM_PWM_Start)
    HAL_TIM_PeriodElapsedCallback            0x080027e1   Thumb Code     2  stm32f4xx_hal_tim.o(i.HAL_TIM_PeriodElapsedCallback)
    HAL_TIM_ReadCapturedValue                0x080027e3   Thumb Code    44  stm32f4xx_hal_tim.o(i.HAL_TIM_ReadCapturedValue)
    HAL_TIM_TriggerCallback                  0x0800280f   Thumb Code     2  stm32f4xx_hal_tim.o(i.HAL_TIM_TriggerCallback)
    HAL_UART_ErrorCallback                   0x08002811   Thumb Code     2  stm32f4xx_hal_uart.o(i.HAL_UART_ErrorCallback)
    HAL_UART_IRQHandler                      0x08002815   Thumb Code   306  stm32f4xx_hal_uart.o(i.HAL_UART_IRQHandler)
    HAL_UART_Init                            0x0800294d   Thumb Code   100  stm32f4xx_hal_uart.o(i.HAL_UART_Init)
    HAL_UART_MspInit                         0x080029b1   Thumb Code   198  usart.o(i.HAL_UART_MspInit)
    HAL_UART_RxCpltCallback                  0x08002a89   Thumb Code     2  stm32f4xx_hal_uart.o(i.HAL_UART_RxCpltCallback)
    HAL_UART_Transmit                        0x08002a8b   Thumb Code   220  stm32f4xx_hal_uart.o(i.HAL_UART_Transmit)
    HAL_UART_TxCpltCallback                  0x08002b67   Thumb Code     2  stm32f4xx_hal_uart.o(i.HAL_UART_TxCpltCallback)
    HardFault_Handler                        0x08002b69   Thumb Code     4  stm32f4xx_it.o(i.HardFault_Handler)
    MX_DMA_Init                              0x08002b6d   Thumb Code    68  dma.o(i.MX_DMA_Init)
    MX_GPIO_Init                             0x08002bb5   Thumb Code   342  gpio.o(i.MX_GPIO_Init)
    MX_SPI1_Init                             0x08002d21   Thumb Code    62  spi.o(i.MX_SPI1_Init)
    MX_TIM10_Init                            0x08002d69   Thumb Code   100  tim.o(i.MX_TIM10_Init)
    MX_TIM12_Init                            0x08002dd5   Thumb Code   102  tim.o(i.MX_TIM12_Init)
    MX_TIM1_Init                             0x08002e45   Thumb Code   258  tim.o(i.MX_TIM1_Init)
    MX_TIM8_Init                             0x08002f51   Thumb Code   282  tim.o(i.MX_TIM8_Init)
    MX_USART1_UART_Init                      0x08003075   Thumb Code    46  usart.o(i.MX_USART1_UART_Init)
    MahonyAHRSupdateIMU                      0x080030ad   Thumb Code   854  get_angle.o(i.MahonyAHRSupdateIMU)
    MemManage_Handler                        0x0800343d   Thumb Code     4  stm32f4xx_it.o(i.MemManage_Handler)
    NMI_Handler                              0x08003441   Thumb Code     2  stm32f4xx_it.o(i.NMI_Handler)
    PendSV_Handler                           0x08003443   Thumb Code     2  stm32f4xx_it.o(i.PendSV_Handler)
    SVC_Handler                              0x080036cf   Thumb Code     2  stm32f4xx_it.o(i.SVC_Handler)
    SysTick_Handler                          0x080036d1   Thumb Code     8  stm32f4xx_it.o(i.SysTick_Handler)
    SystemClock_Config                       0x080036d9   Thumb Code   170  main.o(i.SystemClock_Config)
    SystemInit                               0x0800378d   Thumb Code    82  system_stm32f4xx.o(i.SystemInit)
    TIM1_BRK_TIM9_IRQHandler                 0x080037f1   Thumb Code    10  stm32f4xx_it.o(i.TIM1_BRK_TIM9_IRQHandler)
    TIM1_CC_IRQHandler                       0x08003801   Thumb Code    10  stm32f4xx_it.o(i.TIM1_CC_IRQHandler)
    TIM1_TRG_COM_TIM11_IRQHandler            0x08003811   Thumb Code    10  stm32f4xx_it.o(i.TIM1_TRG_COM_TIM11_IRQHandler)
    TIM1_UP_TIM10_IRQHandler                 0x08003821   Thumb Code    16  stm32f4xx_it.o(i.TIM1_UP_TIM10_IRQHandler)
    TIM8_BRK_TIM12_IRQHandler                0x08003839   Thumb Code    16  stm32f4xx_it.o(i.TIM8_BRK_TIM12_IRQHandler)
    TIM8_CC_IRQHandler                       0x08003851   Thumb Code    10  stm32f4xx_it.o(i.TIM8_CC_IRQHandler)
    TIM8_TRG_COM_TIM14_IRQHandler            0x08003861   Thumb Code    10  stm32f4xx_it.o(i.TIM8_TRG_COM_TIM14_IRQHandler)
    TIM8_UP_TIM13_IRQHandler                 0x08003871   Thumb Code    10  stm32f4xx_it.o(i.TIM8_UP_TIM13_IRQHandler)
    TIM_Base_SetConfig                       0x08003881   Thumb Code   182  stm32f4xx_hal_tim.o(i.TIM_Base_SetConfig)
    TIM_CCxChannelCmd                        0x0800394d   Thumb Code    30  stm32f4xx_hal_tim.o(i.TIM_CCxChannelCmd)
    TIM_ETR_SetConfig                        0x0800396b   Thumb Code    22  stm32f4xx_hal_tim.o(i.TIM_ETR_SetConfig)
    TIM_OC2_SetConfig                        0x08003a01   Thumb Code   112  stm32f4xx_hal_tim.o(i.TIM_OC2_SetConfig)
    TIM_TI1_SetConfig                        0x08003b6f   Thumb Code   142  stm32f4xx_hal_tim.o(i.TIM_TI1_SetConfig)
    USART1_IRQHandler                        0x080041e1   Thumb Code    10  stm32f4xx_it.o(i.USART1_IRQHandler)
    UsageFault_Handler                       0x080041f1   Thumb Code     4  stm32f4xx_it.o(i.UsageFault_Handler)
    __ARM_fpclassify                         0x080041f5   Thumb Code    48  fpclassify.o(i.__ARM_fpclassify)
    __hardfp_asin                            0x08004229   Thumb Code   770  asin.o(i.__hardfp_asin)
    __hardfp_atan                            0x08004589   Thumb Code   622  atan.o(i.__hardfp_atan)
    __kernel_poly                            0x08004861   Thumb Code   248  poly.o(i.__kernel_poly)
    __mathlib_dbl_infnan                     0x08004959   Thumb Code    20  dunder.o(i.__mathlib_dbl_infnan)
    __mathlib_dbl_invalid                    0x08004971   Thumb Code    24  dunder.o(i.__mathlib_dbl_invalid)
    __mathlib_dbl_underflow                  0x08004991   Thumb Code    24  dunder.o(i.__mathlib_dbl_underflow)
    bmi088_accel_init                        0x080049b1   Thumb Code   290  bmi088driver.o(i.bmi088_accel_init)
    bmi088_gyro_init                         0x08004ad9   Thumb Code   238  bmi088driver.o(i.bmi088_gyro_init)
    fabs                                     0x08004bcd   Thumb Code    24  fabs.o(i.fabs)
    invSqrt                                  0x08004be5   Thumb Code    56  get_angle.o(i.invSqrt)
    main                                     0x08004c21   Thumb Code   512  main.o(i.main)
    sqrt                                     0x08004e45   Thumb Code   110  sqrt.o(i.sqrt)
    task1                                    0x08004eb5   Thumb Code   110  control_get.o(i.task1)
    __aeabi_dneg                             0x08004f35   Thumb Code     0  basic.o(x$fpl$basic)
    _dneg                                    0x08004f35   Thumb Code     6  basic.o(x$fpl$basic)
    __aeabi_fneg                             0x08004f3b   Thumb Code     0  basic.o(x$fpl$basic)
    _fneg                                    0x08004f3b   Thumb Code     6  basic.o(x$fpl$basic)
    _dabs                                    0x08004f41   Thumb Code     6  basic.o(x$fpl$basic)
    _fabs                                    0x08004f47   Thumb Code     6  basic.o(x$fpl$basic)
    __aeabi_d2f                              0x08004f4d   Thumb Code     0  d2f.o(x$fpl$d2f)
    _d2f                                     0x08004f4d   Thumb Code    98  d2f.o(x$fpl$d2f)
    __aeabi_dadd                             0x08004fb1   Thumb Code     0  daddsub_clz.o(x$fpl$dadd)
    _dadd                                    0x08004fb1   Thumb Code   332  daddsub_clz.o(x$fpl$dadd)
    __aeabi_ddiv                             0x08005101   Thumb Code     0  ddiv.o(x$fpl$ddiv)
    _ddiv                                    0x08005101   Thumb Code   552  ddiv.o(x$fpl$ddiv)
    __aeabi_dmul                             0x080053b1   Thumb Code     0  dmul.o(x$fpl$dmul)
    _dmul                                    0x080053b1   Thumb Code   332  dmul.o(x$fpl$dmul)
    __fpl_dnaninf                            0x08005505   Thumb Code   156  dnaninf.o(x$fpl$dnaninf)
    __fpl_dretinf                            0x080055a1   Thumb Code    12  dretinf.o(x$fpl$dretinf)
    __aeabi_drsub                            0x080055ad   Thumb Code     0  daddsub_clz.o(x$fpl$drsb)
    _drsb                                    0x080055ad   Thumb Code    22  daddsub_clz.o(x$fpl$drsb)
    _dsqrt                                   0x080055c5   Thumb Code   404  dsqrt_umaal.o(x$fpl$dsqrt)
    __aeabi_dsub                             0x0800575d   Thumb Code     0  daddsub_clz.o(x$fpl$dsub)
    _dsub                                    0x0800575d   Thumb Code   464  daddsub_clz.o(x$fpl$dsub)
    __aeabi_f2d                              0x08005931   Thumb Code     0  f2d.o(x$fpl$f2d)
    _f2d                                     0x08005931   Thumb Code    86  f2d.o(x$fpl$f2d)
    __fpl_fnaninf                            0x08005987   Thumb Code   140  fnaninf.o(x$fpl$fnaninf)
    _fp_init                                 0x08005a13   Thumb Code    10  fpinit.o(x$fpl$fpinit)
    __fplib_config_fpu_vfp                   0x08005a1b   Thumb Code     0  fpinit.o(x$fpl$fpinit)
    __fplib_config_pureend_doubles           0x08005a1b   Thumb Code     0  fpinit.o(x$fpl$fpinit)
    __fpl_fretinf                            0x08005a1d   Thumb Code    10  fretinf.o(x$fpl$fretinf)
    AHBPrescTable                            0x08005a26   Data          16  system_stm32f4xx.o(.constdata)
    __I$use$fp                               0x08005a26   Number         0  usenofp.o(x$fpl$usenofp)
    APBPrescTable                            0x08005a36   Data           8  system_stm32f4xx.o(.constdata)
    Region$$Table$$Base                      0x08005b30   Number         0  anon$$obj.o(Region$$Table)
    Region$$Table$$Limit                     0x08005b50   Number         0  anon$$obj.o(Region$$Table)
    capture_Cnt_8                            0x20000000   Data           2  main.o(.data)
    capture_Cnt_12                           0x20000002   Data           2  main.o(.data)
    temp                                     0x20000004   Data           4  main.o(.data)
    SystemCoreClock                          0x20000008   Data           4  system_stm32f4xx.o(.data)
    NumberCount                              0x2000000c   Data           1  control_get.o(.data)
    ReceiveResult                            0x2000000d   Data           1  control_get.o(.data)
    receive_loop                             0x2000000e   Data           1  control_get.o(.data)
    high                                     0x2000000f   Data           4  control_get.o(.data)
    capture_Buf                              0x20000014   Data           8  control_get.o(.data)
    capture_buf                              0x2000001c   Data           8  control_get.o(.data)
    capture_Buf_12                           0x20000024   Data           8  control_get.o(.data)
    capture_buf_12                           0x2000002c   Data           8  control_get.o(.data)
    high_time_left_right                     0x20000034   Data           4  control_get.o(.data)
    high_time_back_front                     0x20000038   Data           4  control_get.o(.data)
    high_time_chanal_5                       0x2000003c   Data           4  control_get.o(.data)
    high_time_channal_6                      0x20000040   Data           4  control_get.o(.data)
    left_right                               0x20000044   Data           4  control_get.o(.data)
    back_front                               0x20000048   Data           4  control_get.o(.data)
    back_front_PWM                           0x2000004c   Data           2  control_get.o(.data)
    left_right_pwm                           0x2000004e   Data           2  control_get.o(.data)
    channal_state_5                          0x20000050   Data           1  control_get.o(.data)
    channal_state_6                          0x20000051   Data           1  control_get.o(.data)
    twoKp                                    0x20000054   Data           4  get_angle.o(.data)
    twoKi                                    0x20000058   Data           4  get_angle.o(.data)
    q0                                       0x2000005c   Data           4  get_angle.o(.data)
    q1                                       0x20000060   Data           4  get_angle.o(.data)
    q2                                       0x20000064   Data           4  get_angle.o(.data)
    q3                                       0x20000068   Data           4  get_angle.o(.data)
    integralFBx                              0x2000006c   Data           4  get_angle.o(.data)
    integralFBy                              0x20000070   Data           4  get_angle.o(.data)
    integralFBz                              0x20000074   Data           4  get_angle.o(.data)
    BMI088_ACCEL_SEN                         0x20000078   Data           4  bmi088driver.o(.data)
    BMI088_GYRO_SEN                          0x2000007c   Data           4  bmi088driver.o(.data)
    uwTickFreq                               0x200000a4   Data           1  stm32f4xx_hal.o(.data)
    uwTickPrio                               0x200000a8   Data           4  stm32f4xx_hal.o(.data)
    uwTick                                   0x200000ac   Data           4  stm32f4xx_hal.o(.data)
    gyro                                     0x200000b0   Data          12  main.o(.bss)
    accel                                    0x200000bc   Data          12  main.o(.bss)
    Euler_Angles                             0x200000c8   Data          12  main.o(.bss)
    q                                        0x200000d4   Data          16  main.o(.bss)
    hspi1                                    0x200000e4   Data          88  spi.o(.bss)
    hdma_spi1_rx                             0x2000013c   Data          96  spi.o(.bss)
    hdma_spi1_tx                             0x2000019c   Data          96  spi.o(.bss)
    htim1                                    0x200001fc   Data          64  tim.o(.bss)
    htim8                                    0x2000023c   Data          64  tim.o(.bss)
    htim10                                   0x2000027c   Data          64  tim.o(.bss)
    htim12                                   0x200002bc   Data          64  tim.o(.bss)
    huart1                                   0x200002fc   Data          64  usart.o(.bss)
    __libspace_start                         0x2000033c   Data          96  libspace.o(.bss)
    __temporary_stack_top$libspace           0x2000039c   Data           0  libspace.o(.bss)



==============================================================================

Memory Map of the image

  Image Entry point : 0x08000189

  Load Region LR_IROM1 (Base: 0x08000000, Size: 0x00005c00, Max: 0x00100000, ABSOLUTE)

    Execution Region ER_IROM1 (Exec base: 0x08000000, Load base: 0x08000000, Size: 0x00005b50, Max: 0x00100000, ABSOLUTE)

    Exec Addr    Load Addr    Size         Type   Attr      Idx    E Section Name        Object

    0x08000000   0x08000000   0x00000188   Data   RO            3    RESET               startup_stm32f407xx.o
    0x08000188   0x08000188   0x00000008   Code   RO         3657  * !!!main             c_w.l(__main.o)
    0x08000190   0x08000190   0x00000034   Code   RO         3928    !!!scatter          c_w.l(__scatter.o)
    0x080001c4   0x080001c4   0x0000001a   Code   RO         3930    !!handler_copy      c_w.l(__scatter_copy.o)
    0x080001de   0x080001de   0x00000002   PAD
    0x080001e0   0x080001e0   0x0000001c   Code   RO         3932    !!handler_zi        c_w.l(__scatter_zi.o)
    0x080001fc   0x080001fc   0x00000002   Code   RO         3799    .ARM.Collect$$libinit$$00000000  c_w.l(libinit.o)
    0x080001fe   0x080001fe   0x00000004   Code   RO         3810    .ARM.Collect$$libinit$$00000001  c_w.l(libinit2.o)
    0x08000202   0x08000202   0x00000000   Code   RO         3813    .ARM.Collect$$libinit$$00000004  c_w.l(libinit2.o)
    0x08000202   0x08000202   0x00000000   Code   RO         3816    .ARM.Collect$$libinit$$0000000A  c_w.l(libinit2.o)
    0x08000202   0x08000202   0x00000000   Code   RO         3818    .ARM.Collect$$libinit$$0000000C  c_w.l(libinit2.o)
    0x08000202   0x08000202   0x00000000   Code   RO         3820    .ARM.Collect$$libinit$$0000000E  c_w.l(libinit2.o)
    0x08000202   0x08000202   0x00000000   Code   RO         3823    .ARM.Collect$$libinit$$00000011  c_w.l(libinit2.o)
    0x08000202   0x08000202   0x00000000   Code   RO         3825    .ARM.Collect$$libinit$$00000013  c_w.l(libinit2.o)
    0x08000202   0x08000202   0x00000000   Code   RO         3827    .ARM.Collect$$libinit$$00000015  c_w.l(libinit2.o)
    0x08000202   0x08000202   0x00000000   Code   RO         3829    .ARM.Collect$$libinit$$00000017  c_w.l(libinit2.o)
    0x08000202   0x08000202   0x00000000   Code   RO         3831    .ARM.Collect$$libinit$$00000019  c_w.l(libinit2.o)
    0x08000202   0x08000202   0x00000000   Code   RO         3833    .ARM.Collect$$libinit$$0000001B  c_w.l(libinit2.o)
    0x08000202   0x08000202   0x00000000   Code   RO         3835    .ARM.Collect$$libinit$$0000001D  c_w.l(libinit2.o)
    0x08000202   0x08000202   0x00000000   Code   RO         3837    .ARM.Collect$$libinit$$0000001F  c_w.l(libinit2.o)
    0x08000202   0x08000202   0x00000000   Code   RO         3839    .ARM.Collect$$libinit$$00000021  c_w.l(libinit2.o)
    0x08000202   0x08000202   0x00000000   Code   RO         3841    .ARM.Collect$$libinit$$00000023  c_w.l(libinit2.o)
    0x08000202   0x08000202   0x00000000   Code   RO         3843    .ARM.Collect$$libinit$$00000025  c_w.l(libinit2.o)
    0x08000202   0x08000202   0x00000000   Code   RO         3847    .ARM.Collect$$libinit$$0000002C  c_w.l(libinit2.o)
    0x08000202   0x08000202   0x00000000   Code   RO         3849    .ARM.Collect$$libinit$$0000002E  c_w.l(libinit2.o)
    0x08000202   0x08000202   0x00000000   Code   RO         3851    .ARM.Collect$$libinit$$00000030  c_w.l(libinit2.o)
    0x08000202   0x08000202   0x00000000   Code   RO         3853    .ARM.Collect$$libinit$$00000032  c_w.l(libinit2.o)
    0x08000202   0x08000202   0x00000002   Code   RO         3854    .ARM.Collect$$libinit$$00000033  c_w.l(libinit2.o)
    0x08000204   0x08000204   0x00000002   Code   RO         3885    .ARM.Collect$$libshutdown$$00000000  c_w.l(libshutdown.o)
    0x08000206   0x08000206   0x00000000   Code   RO         3911    .ARM.Collect$$libshutdown$$00000002  c_w.l(libshutdown2.o)
    0x08000206   0x08000206   0x00000000   Code   RO         3913    .ARM.Collect$$libshutdown$$00000004  c_w.l(libshutdown2.o)
    0x08000206   0x08000206   0x00000000   Code   RO         3916    .ARM.Collect$$libshutdown$$00000007  c_w.l(libshutdown2.o)
    0x08000206   0x08000206   0x00000000   Code   RO         3919    .ARM.Collect$$libshutdown$$0000000A  c_w.l(libshutdown2.o)
    0x08000206   0x08000206   0x00000000   Code   RO         3921    .ARM.Collect$$libshutdown$$0000000C  c_w.l(libshutdown2.o)
    0x08000206   0x08000206   0x00000000   Code   RO         3924    .ARM.Collect$$libshutdown$$0000000F  c_w.l(libshutdown2.o)
    0x08000206   0x08000206   0x00000002   Code   RO         3925    .ARM.Collect$$libshutdown$$00000010  c_w.l(libshutdown2.o)
    0x08000208   0x08000208   0x00000000   Code   RO         3697    .ARM.Collect$$rtentry$$00000000  c_w.l(__rtentry.o)
    0x08000208   0x08000208   0x00000000   Code   RO         3758    .ARM.Collect$$rtentry$$00000002  c_w.l(__rtentry2.o)
    0x08000208   0x08000208   0x00000006   Code   RO         3770    .ARM.Collect$$rtentry$$00000004  c_w.l(__rtentry4.o)
    0x0800020e   0x0800020e   0x00000000   Code   RO         3760    .ARM.Collect$$rtentry$$00000009  c_w.l(__rtentry2.o)
    0x0800020e   0x0800020e   0x00000004   Code   RO         3761    .ARM.Collect$$rtentry$$0000000A  c_w.l(__rtentry2.o)
    0x08000212   0x08000212   0x00000000   Code   RO         3763    .ARM.Collect$$rtentry$$0000000C  c_w.l(__rtentry2.o)
    0x08000212   0x08000212   0x00000008   Code   RO         3764    .ARM.Collect$$rtentry$$0000000D  c_w.l(__rtentry2.o)
    0x0800021a   0x0800021a   0x00000002   Code   RO         3802    .ARM.Collect$$rtexit$$00000000  c_w.l(rtexit.o)
    0x0800021c   0x0800021c   0x00000000   Code   RO         3858    .ARM.Collect$$rtexit$$00000002  c_w.l(rtexit2.o)
    0x0800021c   0x0800021c   0x00000004   Code   RO         3859    .ARM.Collect$$rtexit$$00000003  c_w.l(rtexit2.o)
    0x08000220   0x08000220   0x00000006   Code   RO         3860    .ARM.Collect$$rtexit$$00000004  c_w.l(rtexit2.o)
    0x08000226   0x08000226   0x00000002   PAD
    0x08000228   0x08000228   0x00000040   Code   RO            4    .text               startup_stm32f407xx.o
    0x08000268   0x08000268   0x000000ee   Code   RO         3651    .text               c_w.l(lludivv7m.o)
    0x08000356   0x08000356   0x0000004e   Code   RO         3653    .text               c_w.l(rt_memclr_w.o)
    0x080003a4   0x080003a4   0x00000006   Code   RO         3655    .text               c_w.l(heapauxi.o)
    0x080003aa   0x080003aa   0x00000016   Code   RO         3702    .text               c_w.l(_rserrno.o)
    0x080003c0   0x080003c0   0x00000008   Code   RO         3777    .text               c_w.l(rt_errno_addr_intlibspace.o)
    0x080003c8   0x080003c8   0x00000008   Code   RO         3783    .text               c_w.l(libspace.o)
    0x080003d0   0x080003d0   0x0000004a   Code   RO         3786    .text               c_w.l(sys_stackheap_outer.o)
    0x0800041a   0x0800041a   0x00000012   Code   RO         3788    .text               c_w.l(exit.o)
    0x0800042c   0x0800042c   0x0000000c   Code   RO         3855    .text               c_w.l(sys_exit.o)
    0x08000438   0x08000438   0x00000002   Code   RO         3874    .text               c_w.l(use_no_semi.o)
    0x0800043a   0x0800043a   0x00000000   Code   RO         3876    .text               c_w.l(indicate_semi.o)
    0x0800043a   0x0800043a   0x00000002   PAD
    0x0800043c   0x0800043c   0x00000014   Code   RO          818    i.BMI088_ACCEL_NS_H  bmi088middleware.o
    0x08000450   0x08000450   0x00000014   Code   RO          819    i.BMI088_ACCEL_NS_L  bmi088middleware.o
    0x08000464   0x08000464   0x00000002   Code   RO          820    i.BMI088_GPIO_init  bmi088middleware.o
    0x08000466   0x08000466   0x00000002   PAD
    0x08000468   0x08000468   0x00000014   Code   RO          821    i.BMI088_GYRO_NS_H  bmi088middleware.o
    0x0800047c   0x0800047c   0x00000014   Code   RO          822    i.BMI088_GYRO_NS_L  bmi088middleware.o
    0x08000490   0x08000490   0x00000002   Code   RO          823    i.BMI088_com_init   bmi088middleware.o
    0x08000492   0x08000492   0x0000001a   Code   RO          824    i.BMI088_delay_ms   bmi088middleware.o
    0x080004ac   0x080004ac   0x0000004a   Code   RO          825    i.BMI088_delay_us   bmi088middleware.o
    0x080004f6   0x080004f6   0x0000001c   Code   RO          749    i.BMI088_init       bmi088driver.o
    0x08000512   0x08000512   0x00000002   PAD
    0x08000514   0x08000514   0x0000017c   Code   RO          750    i.BMI088_read       bmi088driver.o
    0x08000690   0x08000690   0x00000026   Code   RO          751    i.BMI088_read_muli_reg  bmi088driver.o
    0x080006b6   0x080006b6   0x00000018   Code   RO          752    i.BMI088_read_single_reg  bmi088driver.o
    0x080006ce   0x080006ce   0x00000002   PAD
    0x080006d0   0x080006d0   0x00000020   Code   RO          826    i.BMI088_read_write_byte  bmi088middleware.o
    0x080006f0   0x080006f0   0x00000014   Code   RO          753    i.BMI088_write_single_reg  bmi088driver.o
    0x08000704   0x08000704   0x00000004   Code   RO          389    i.BusFault_Handler  stm32f4xx_it.o
    0x08000708   0x08000708   0x00000034   Code   RO         1717    i.DMA_CalcBaseAndBitshift  stm32f4xx_hal_dma.o
    0x0800073c   0x0800073c   0x0000007e   Code   RO         1718    i.DMA_CheckFifoParam  stm32f4xx_hal_dma.o
    0x080007ba   0x080007ba   0x00000002   Code   RO          390    i.DebugMon_Handler  stm32f4xx_it.o
    0x080007bc   0x080007bc   0x0000000a   Code   RO          391    i.EXTI4_IRQHandler  stm32f4xx_it.o
    0x080007c6   0x080007c6   0x0000000a   Code   RO          392    i.EXTI9_5_IRQHandler  stm32f4xx_it.o
    0x080007d0   0x080007d0   0x00000002   Code   RO           13    i.Error_Handler     main.o
    0x080007d2   0x080007d2   0x00000024   Code   RO         1721    i.HAL_DMA_Abort_IT  stm32f4xx_hal_dma.o
    0x080007f6   0x080007f6   0x00000002   PAD
    0x080007f8   0x080007f8   0x000000ec   Code   RO         1726    i.HAL_DMA_Init      stm32f4xx_hal_dma.o
    0x080008e4   0x080008e4   0x00000028   Code   RO         2134    i.HAL_Delay         stm32f4xx_hal.o
    0x0800090c   0x0800090c   0x00000002   Code   RO         1611    i.HAL_GPIO_EXTI_Callback  stm32f4xx_hal_gpio.o
    0x0800090e   0x0800090e   0x00000002   PAD
    0x08000910   0x08000910   0x00000018   Code   RO         1612    i.HAL_GPIO_EXTI_IRQHandler  stm32f4xx_hal_gpio.o
    0x08000928   0x08000928   0x0000021c   Code   RO         1613    i.HAL_GPIO_Init     stm32f4xx_hal_gpio.o
    0x08000b44   0x08000b44   0x0000000e   Code   RO         1617    i.HAL_GPIO_WritePin  stm32f4xx_hal_gpio.o
    0x08000b52   0x08000b52   0x00000002   PAD
    0x08000b54   0x08000b54   0x0000000c   Code   RO         2140    i.HAL_GetTick       stm32f4xx_hal.o
    0x08000b60   0x08000b60   0x00000010   Code   RO         2146    i.HAL_IncTick       stm32f4xx_hal.o
    0x08000b70   0x08000b70   0x00000034   Code   RO         2147    i.HAL_Init          stm32f4xx_hal.o
    0x08000ba4   0x08000ba4   0x00000044   Code   RO         2148    i.HAL_InitTick      stm32f4xx_hal.o
    0x08000be8   0x08000be8   0x00000048   Code   RO          531    i.HAL_MspInit       stm32f4xx_hal_msp.o
    0x08000c30   0x08000c30   0x0000001c   Code   RO         2002    i.HAL_NVIC_EnableIRQ  stm32f4xx_hal_cortex.o
    0x08000c4c   0x08000c4c   0x00000068   Code   RO         2008    i.HAL_NVIC_SetPriority  stm32f4xx_hal_cortex.o
    0x08000cb4   0x08000cb4   0x00000024   Code   RO         2009    i.HAL_NVIC_SetPriorityGrouping  stm32f4xx_hal_cortex.o
    0x08000cd8   0x08000cd8   0x00000174   Code   RO         1214    i.HAL_RCC_ClockConfig  stm32f4xx_hal_rcc.o
    0x08000e4c   0x08000e4c   0x0000000c   Code   RO         1219    i.HAL_RCC_GetHCLKFreq  stm32f4xx_hal_rcc.o
    0x08000e58   0x08000e58   0x00000020   Code   RO         1221    i.HAL_RCC_GetPCLK1Freq  stm32f4xx_hal_rcc.o
    0x08000e78   0x08000e78   0x00000020   Code   RO         1222    i.HAL_RCC_GetPCLK2Freq  stm32f4xx_hal_rcc.o
    0x08000e98   0x08000e98   0x00000070   Code   RO         1223    i.HAL_RCC_GetSysClockFreq  stm32f4xx_hal_rcc.o
    0x08000f08   0x08000f08   0x00000436   Code   RO         1226    i.HAL_RCC_OscConfig  stm32f4xx_hal_rcc.o
    0x0800133e   0x0800133e   0x00000082   Code   RO          902    i.HAL_SPI_Init      stm32f4xx_hal_spi.o
    0x080013c0   0x080013c0   0x00000158   Code   RO          228    i.HAL_SPI_MspInit   spi.o
    0x08001518   0x08001518   0x000001f8   Code   RO          911    i.HAL_SPI_TransmitReceive  stm32f4xx_hal_spi.o
    0x08001710   0x08001710   0x00000028   Code   RO         2013    i.HAL_SYSTICK_Config  stm32f4xx_hal_cortex.o
    0x08001738   0x08001738   0x00000002   Code   RO         3070    i.HAL_TIMEx_BreakCallback  stm32f4xx_hal_tim_ex.o
    0x0800173a   0x0800173a   0x00000002   Code   RO         3071    i.HAL_TIMEx_CommutCallback  stm32f4xx_hal_tim_ex.o
    0x0800173c   0x0800173c   0x00000066   Code   RO         3073    i.HAL_TIMEx_ConfigBreakDeadTime  stm32f4xx_hal_tim_ex.o
    0x080017a2   0x080017a2   0x0000004e   Code   RO         3088    i.HAL_TIMEx_MasterConfigSynchronization  stm32f4xx_hal_tim_ex.o
    0x080017f0   0x080017f0   0x00000038   Code   RO         2384    i.HAL_TIM_Base_Init  stm32f4xx_hal_tim.o
    0x08001828   0x08001828   0x000001ac   Code   RO          270    i.HAL_TIM_Base_MspInit  tim.o
    0x080019d4   0x080019d4   0x00000024   Code   RO         2387    i.HAL_TIM_Base_Start  stm32f4xx_hal_tim.o
    0x080019f8   0x080019f8   0x000000e4   Code   RO         2393    i.HAL_TIM_ConfigClockSource  stm32f4xx_hal_tim.o
    0x08001adc   0x08001adc   0x000006e4   Code   RO          592    i.HAL_TIM_IC_CaptureCallback  control_get.o
    0x080021c0   0x080021c0   0x000000be   Code   RO         2415    i.HAL_TIM_IC_ConfigChannel  stm32f4xx_hal_tim.o
    0x0800227e   0x0800227e   0x00000038   Code   RO         2418    i.HAL_TIM_IC_Init   stm32f4xx_hal_tim.o
    0x080022b6   0x080022b6   0x00000002   PAD
    0x080022b8   0x080022b8   0x00000098   Code   RO          272    i.HAL_TIM_IC_MspInit  tim.o
    0x08002350   0x08002350   0x0000005e   Code   RO         2423    i.HAL_TIM_IC_Start_IT  stm32f4xx_hal_tim.o
    0x080023ae   0x080023ae   0x00000066   Code   RO         2426    i.HAL_TIM_IC_Stop_IT  stm32f4xx_hal_tim.o
    0x08002414   0x08002414   0x00000174   Code   RO         2427    i.HAL_TIM_IRQHandler  stm32f4xx_hal_tim.o
    0x08002588   0x08002588   0x000000fc   Code   RO          273    i.HAL_TIM_MspPostInit  tim.o
    0x08002684   0x08002684   0x00000002   Code   RO         2430    i.HAL_TIM_OC_DelayElapsedCallback  stm32f4xx_hal_tim.o
    0x08002686   0x08002686   0x000000dc   Code   RO         2451    i.HAL_TIM_PWM_ConfigChannel  stm32f4xx_hal_tim.o
    0x08002762   0x08002762   0x00000038   Code   RO         2454    i.HAL_TIM_PWM_Init  stm32f4xx_hal_tim.o
    0x0800279a   0x0800279a   0x00000002   Code   RO         2456    i.HAL_TIM_PWM_MspInit  stm32f4xx_hal_tim.o
    0x0800279c   0x0800279c   0x00000002   Code   RO         2457    i.HAL_TIM_PWM_PulseFinishedCallback  stm32f4xx_hal_tim.o
    0x0800279e   0x0800279e   0x00000042   Code   RO         2459    i.HAL_TIM_PWM_Start  stm32f4xx_hal_tim.o
    0x080027e0   0x080027e0   0x00000002   Code   RO         2465    i.HAL_TIM_PeriodElapsedCallback  stm32f4xx_hal_tim.o
    0x080027e2   0x080027e2   0x0000002c   Code   RO         2467    i.HAL_TIM_ReadCapturedValue  stm32f4xx_hal_tim.o
    0x0800280e   0x0800280e   0x00000002   Code   RO         2470    i.HAL_TIM_TriggerCallback  stm32f4xx_hal_tim.o
    0x08002810   0x08002810   0x00000002   Code   RO         3342    i.HAL_UART_ErrorCallback  stm32f4xx_hal_uart.o
    0x08002812   0x08002812   0x00000002   PAD
    0x08002814   0x08002814   0x00000138   Code   RO         3345    i.HAL_UART_IRQHandler  stm32f4xx_hal_uart.o
    0x0800294c   0x0800294c   0x00000064   Code   RO         3346    i.HAL_UART_Init     stm32f4xx_hal_uart.o
    0x080029b0   0x080029b0   0x000000d8   Code   RO          348    i.HAL_UART_MspInit  usart.o
    0x08002a88   0x08002a88   0x00000002   Code   RO         3352    i.HAL_UART_RxCpltCallback  stm32f4xx_hal_uart.o
    0x08002a8a   0x08002a8a   0x000000dc   Code   RO         3354    i.HAL_UART_Transmit  stm32f4xx_hal_uart.o
    0x08002b66   0x08002b66   0x00000002   Code   RO         3357    i.HAL_UART_TxCpltCallback  stm32f4xx_hal_uart.o
    0x08002b68   0x08002b68   0x00000004   Code   RO          393    i.HardFault_Handler  stm32f4xx_it.o
    0x08002b6c   0x08002b6c   0x00000048   Code   RO          203    i.MX_DMA_Init       dma.o
    0x08002bb4   0x08002bb4   0x0000016c   Code   RO          179    i.MX_GPIO_Init      gpio.o
    0x08002d20   0x08002d20   0x00000048   Code   RO          229    i.MX_SPI1_Init      spi.o
    0x08002d68   0x08002d68   0x0000006c   Code   RO          274    i.MX_TIM10_Init     tim.o
    0x08002dd4   0x08002dd4   0x00000070   Code   RO          275    i.MX_TIM12_Init     tim.o
    0x08002e44   0x08002e44   0x0000010c   Code   RO          276    i.MX_TIM1_Init      tim.o
    0x08002f50   0x08002f50   0x00000124   Code   RO          277    i.MX_TIM8_Init      tim.o
    0x08003074   0x08003074   0x00000038   Code   RO          349    i.MX_USART1_UART_Init  usart.o
    0x080030ac   0x080030ac   0x00000390   Code   RO          700    i.MahonyAHRSupdateIMU  get_angle.o
    0x0800343c   0x0800343c   0x00000004   Code   RO          394    i.MemManage_Handler  stm32f4xx_it.o
    0x08003440   0x08003440   0x00000002   Code   RO          395    i.NMI_Handler       stm32f4xx_it.o
    0x08003442   0x08003442   0x00000002   Code   RO          396    i.PendSV_Handler    stm32f4xx_it.o
    0x08003444   0x08003444   0x00000180   Code   RO          701    i.QuaternionToAngleAxis  get_angle.o
    0x080035c4   0x080035c4   0x00000064   Code   RO          940    i.SPI_EndRxTxTransaction  stm32f4xx_hal_spi.o
    0x08003628   0x08003628   0x000000a6   Code   RO          945    i.SPI_WaitFlagStateUntilTimeout  stm32f4xx_hal_spi.o
    0x080036ce   0x080036ce   0x00000002   Code   RO          397    i.SVC_Handler       stm32f4xx_it.o
    0x080036d0   0x080036d0   0x00000008   Code   RO          398    i.SysTick_Handler   stm32f4xx_it.o
    0x080036d8   0x080036d8   0x000000b4   Code   RO           14    i.SystemClock_Config  main.o
    0x0800378c   0x0800378c   0x00000064   Code   RO          556    i.SystemInit        system_stm32f4xx.o
    0x080037f0   0x080037f0   0x00000010   Code   RO          399    i.TIM1_BRK_TIM9_IRQHandler  stm32f4xx_it.o
    0x08003800   0x08003800   0x00000010   Code   RO          400    i.TIM1_CC_IRQHandler  stm32f4xx_it.o
    0x08003810   0x08003810   0x00000010   Code   RO          401    i.TIM1_TRG_COM_TIM11_IRQHandler  stm32f4xx_it.o
    0x08003820   0x08003820   0x00000018   Code   RO          402    i.TIM1_UP_TIM10_IRQHandler  stm32f4xx_it.o
    0x08003838   0x08003838   0x00000018   Code   RO          403    i.TIM8_BRK_TIM12_IRQHandler  stm32f4xx_it.o
    0x08003850   0x08003850   0x00000010   Code   RO          404    i.TIM8_CC_IRQHandler  stm32f4xx_it.o
    0x08003860   0x08003860   0x00000010   Code   RO          405    i.TIM8_TRG_COM_TIM14_IRQHandler  stm32f4xx_it.o
    0x08003870   0x08003870   0x00000010   Code   RO          406    i.TIM8_UP_TIM13_IRQHandler  stm32f4xx_it.o
    0x08003880   0x08003880   0x000000cc   Code   RO         2472    i.TIM_Base_SetConfig  stm32f4xx_hal_tim.o
    0x0800394c   0x0800394c   0x0000001e   Code   RO         2473    i.TIM_CCxChannelCmd  stm32f4xx_hal_tim.o
    0x0800396a   0x0800396a   0x00000016   Code   RO         2483    i.TIM_ETR_SetConfig  stm32f4xx_hal_tim.o
    0x08003980   0x08003980   0x00000010   Code   RO         2484    i.TIM_ITRx_SetConfig  stm32f4xx_hal_tim.o
    0x08003990   0x08003990   0x00000070   Code   RO         2485    i.TIM_OC1_SetConfig  stm32f4xx_hal_tim.o
    0x08003a00   0x08003a00   0x00000078   Code   RO         2486    i.TIM_OC2_SetConfig  stm32f4xx_hal_tim.o
    0x08003a78   0x08003a78   0x00000078   Code   RO         2487    i.TIM_OC3_SetConfig  stm32f4xx_hal_tim.o
    0x08003af0   0x08003af0   0x00000058   Code   RO         2488    i.TIM_OC4_SetConfig  stm32f4xx_hal_tim.o
    0x08003b48   0x08003b48   0x00000026   Code   RO         2490    i.TIM_TI1_ConfigInputStage  stm32f4xx_hal_tim.o
    0x08003b6e   0x08003b6e   0x0000008e   Code   RO         2491    i.TIM_TI1_SetConfig  stm32f4xx_hal_tim.o
    0x08003bfc   0x08003bfc   0x00000024   Code   RO         2492    i.TIM_TI2_ConfigInputStage  stm32f4xx_hal_tim.o
    0x08003c20   0x08003c20   0x00000040   Code   RO         2493    i.TIM_TI2_SetConfig  stm32f4xx_hal_tim.o
    0x08003c60   0x08003c60   0x0000003c   Code   RO         2494    i.TIM_TI3_SetConfig  stm32f4xx_hal_tim.o
    0x08003c9c   0x08003c9c   0x00000040   Code   RO         2495    i.TIM_TI4_SetConfig  stm32f4xx_hal_tim.o
    0x08003cdc   0x08003cdc   0x00000010   Code   RO         3359    i.UART_DMAAbortOnError  stm32f4xx_hal_uart.o
    0x08003cec   0x08003cec   0x0000001c   Code   RO         3369    i.UART_EndRxTransfer  stm32f4xx_hal_uart.o
    0x08003d08   0x08003d08   0x0000001a   Code   RO         3370    i.UART_EndTransmit_IT  stm32f4xx_hal_uart.o
    0x08003d22   0x08003d22   0x0000009c   Code   RO         3372    i.UART_Receive_IT   stm32f4xx_hal_uart.o
    0x08003dbe   0x08003dbe   0x00000002   PAD
    0x08003dc0   0x08003dc0   0x00000340   Code   RO         3373    i.UART_SetConfig    stm32f4xx_hal_uart.o
    0x08004100   0x08004100   0x00000066   Code   RO         3374    i.UART_Transmit_IT  stm32f4xx_hal_uart.o
    0x08004166   0x08004166   0x00000078   Code   RO         3375    i.UART_WaitOnFlagUntilTimeout  stm32f4xx_hal_uart.o
    0x080041de   0x080041de   0x00000002   PAD
    0x080041e0   0x080041e0   0x00000010   Code   RO          407    i.USART1_IRQHandler  stm32f4xx_it.o
    0x080041f0   0x080041f0   0x00000004   Code   RO          408    i.UsageFault_Handler  stm32f4xx_it.o
    0x080041f4   0x080041f4   0x00000030   Code   RO         3741    i.__ARM_fpclassify  m_wm.l(fpclassify.o)
    0x08004224   0x08004224   0x00000004   PAD
    0x08004228   0x08004228   0x00000360   Code   RO         3669    i.__hardfp_asin     m_wm.l(asin.o)
    0x08004588   0x08004588   0x000002d8   Code   RO         3683    i.__hardfp_atan     m_wm.l(atan.o)
    0x08004860   0x08004860   0x000000f8   Code   RO         3743    i.__kernel_poly     m_wm.l(poly.o)
    0x08004958   0x08004958   0x00000014   Code   RO         3722    i.__mathlib_dbl_infnan  m_wm.l(dunder.o)
    0x0800496c   0x0800496c   0x00000004   PAD
    0x08004970   0x08004970   0x00000020   Code   RO         3724    i.__mathlib_dbl_invalid  m_wm.l(dunder.o)
    0x08004990   0x08004990   0x00000020   Code   RO         3727    i.__mathlib_dbl_underflow  m_wm.l(dunder.o)
    0x080049b0   0x080049b0   0x00000128   Code   RO          754    i.bmi088_accel_init  bmi088driver.o
    0x08004ad8   0x08004ad8   0x000000f4   Code   RO          755    i.bmi088_gyro_init  bmi088driver.o
    0x08004bcc   0x08004bcc   0x00000018   Code   RO         3737    i.fabs              m_wm.l(fabs.o)
    0x08004be4   0x08004be4   0x0000003c   Code   RO          702    i.invSqrt           get_angle.o
    0x08004c20   0x08004c20   0x00000224   Code   RO           15    i.main              main.o
    0x08004e44   0x08004e44   0x0000006e   Code   RO         3747    i.sqrt              m_wm.l(sqrt.o)
    0x08004eb2   0x08004eb2   0x00000002   PAD
    0x08004eb4   0x08004eb4   0x00000080   Code   RO          593    i.task1             control_get.o
    0x08004f34   0x08004f34   0x00000018   Code   RO         3704    x$fpl$basic         fz_wm.l(basic.o)
    0x08004f4c   0x08004f4c   0x00000062   Code   RO         3659    x$fpl$d2f           fz_wm.l(d2f.o)
    0x08004fae   0x08004fae   0x00000002   PAD
    0x08004fb0   0x08004fb0   0x00000150   Code   RO         3706    x$fpl$dadd          fz_wm.l(daddsub_clz.o)
    0x08005100   0x08005100   0x000002b0   Code   RO         3662    x$fpl$ddiv          fz_wm.l(ddiv.o)
    0x080053b0   0x080053b0   0x00000154   Code   RO         3665    x$fpl$dmul          fz_wm.l(dmul.o)
    0x08005504   0x08005504   0x0000009c   Code   RO         3712    x$fpl$dnaninf       fz_wm.l(dnaninf.o)
    0x080055a0   0x080055a0   0x0000000c   Code   RO         3714    x$fpl$dretinf       fz_wm.l(dretinf.o)
    0x080055ac   0x080055ac   0x00000016   Code   RO         3707    x$fpl$drsb          fz_wm.l(daddsub_clz.o)
    0x080055c2   0x080055c2   0x00000002   PAD
    0x080055c4   0x080055c4   0x00000198   Code   RO         3781    x$fpl$dsqrt         fz_wm.l(dsqrt_umaal.o)
    0x0800575c   0x0800575c   0x000001d4   Code   RO         3708    x$fpl$dsub          fz_wm.l(daddsub_clz.o)
    0x08005930   0x08005930   0x00000056   Code   RO         3667    x$fpl$f2d           fz_wm.l(f2d.o)
    0x08005986   0x08005986   0x0000008c   Code   RO         3716    x$fpl$fnaninf       fz_wm.l(fnaninf.o)
    0x08005a12   0x08005a12   0x0000000a   Code   RO         3870    x$fpl$fpinit        fz_wm.l(fpinit.o)
    0x08005a1c   0x08005a1c   0x0000000a   Code   RO         3718    x$fpl$fretinf       fz_wm.l(fretinf.o)
    0x08005a26   0x08005a26   0x00000000   Code   RO         3720    x$fpl$usenofp       fz_wm.l(usenofp.o)
    0x08005a26   0x08005a26   0x00000018   Data   RO          557    .constdata          system_stm32f4xx.o
    0x08005a3e   0x08005a3e   0x00000008   Data   RO         1732    .constdata          stm32f4xx_hal_dma.o
    0x08005a46   0x08005a46   0x00000002   PAD
    0x08005a48   0x08005a48   0x00000050   Data   RO         3672    .constdata          m_wm.l(asin.o)
    0x08005a98   0x08005a98   0x00000098   Data   RO         3686    .constdata          m_wm.l(atan.o)
    0x08005b30   0x08005b30   0x00000020   Data   RO         3926    Region$$Table       anon$$obj.o


    Execution Region RW_IRAM1 (Exec base: 0x20000000, Load base: 0x08005b50, Size: 0x000043a0, Max: 0x00020000, ABSOLUTE)

    Exec Addr    Load Addr    Size         Type   Attr      Idx    E Section Name        Object

    0x20000000   0x08005b50   0x00000008   Data   RW           17    .data               main.o
    0x20000008   0x08005b58   0x00000004   Data   RW          558    .data               system_stm32f4xx.o
    0x2000000c   0x08005b5c   0x00000046   Data   RW          594    .data               control_get.o
    0x20000052   0x08005ba2   0x00000002   PAD
    0x20000054   0x08005ba4   0x00000024   Data   RW          703    .data               get_angle.o
    0x20000078   0x08005bc8   0x0000002c   Data   RW          756    .data               bmi088driver.o
    0x200000a4   0x08005bf4   0x0000000c   Data   RW         2154    .data               stm32f4xx_hal.o
    0x200000b0        -       0x00000034   Zero   RW           16    .bss                main.o
    0x200000e4        -       0x00000118   Zero   RW          230    .bss                spi.o
    0x200001fc        -       0x00000100   Zero   RW          278    .bss                tim.o
    0x200002fc        -       0x00000040   Zero   RW          350    .bss                usart.o
    0x2000033c        -       0x00000060   Zero   RW         3784    .bss                c_w.l(libspace.o)
    0x2000039c   0x08005c00   0x00000004   PAD
    0x200003a0        -       0x00002000   Zero   RW            2    HEAP                startup_stm32f407xx.o
    0x200023a0        -       0x00002000   Zero   RW            1    STACK               startup_stm32f407xx.o


==============================================================================

Image component sizes


      Code (inc. data)   RO Data    RW Data    ZI Data      Debug   Object Name

      1030         20          0         44          0       6358   bmi088driver.o
       216         28          0          0          0       4860   bmi088middleware.o
      1892        178          0         70          0     604509   control_get.o
        72          4          0          0          0        730   dma.o
      1356         84          0         36          0       3042   get_angle.o
       364         22          0          0          0       1095   gpio.o
       730         46          0          8         52     698198   main.o
       416         38          0          0        280       1847   spi.o
        64         26        392          0      16384        832   startup_stm32f407xx.o
       188         30          0         12          0       4501   stm32f4xx_hal.o
       208         16          0          0          0      33615   stm32f4xx_hal_cortex.o
       450         14          8          0          0       3682   stm32f4xx_hal_dma.o
       580         28          0          0          0       3672   stm32f4xx_hal_gpio.o
        72          4          0          0          0        810   stm32f4xx_hal_msp.o
      1638        100          0          0          0       6336   stm32f4xx_hal_rcc.o
       900          8          0          0          0       4577   stm32f4xx_hal_spi.o
      2646         46          0          0          0      23492   stm32f4xx_hal_tim.o
       184          0          0          0          0       3353   stm32f4xx_hal_tim_ex.o
      1918         20          0          0          0       9951   stm32f4xx_hal_uart.o
       212         58          0          0          0       9381   stm32f4xx_it.o
       100         18         24          4          0       1119   system_stm32f4xx.o
      1612        104          0          0        256       5672   tim.o
       272         28          0          0         64       1686   usart.o

    ----------------------------------------------------------------------
     17140        920        458        176      17036    1433318   Object Totals
         0          0         32          0          0          0   (incl. Generated)
        20          0          2          2          0          0   (incl. Padding)

    ----------------------------------------------------------------------

      Code (inc. data)   RO Data    RW Data    ZI Data      Debug   Library Member Name

         8          0          0          0          0         68   __main.o
         0          0          0          0          0          0   __rtentry.o
        12          0          0          0          0          0   __rtentry2.o
         6          0          0          0          0          0   __rtentry4.o
        52          8          0          0          0          0   __scatter.o
        26          0          0          0          0          0   __scatter_copy.o
        28          0          0          0          0          0   __scatter_zi.o
        22          0          0          0          0        100   _rserrno.o
        18          0          0          0          0         80   exit.o
         6          0          0          0          0        152   heapauxi.o
         0          0          0          0          0          0   indicate_semi.o
         2          0          0          0          0          0   libinit.o
         6          0          0          0          0          0   libinit2.o
         2          0          0          0          0          0   libshutdown.o
         2          0          0          0          0          0   libshutdown2.o
         8          4          0          0         96         68   libspace.o
       238          0          0          0          0        100   lludivv7m.o
         8          4          0          0          0         68   rt_errno_addr_intlibspace.o
        78          0          0          0          0         80   rt_memclr_w.o
         2          0          0          0          0          0   rtexit.o
        10          0          0          0          0          0   rtexit2.o
        12          4          0          0          0         68   sys_exit.o
        74          0          0          0          0         80   sys_stackheap_outer.o
         2          0          0          0          0         68   use_no_semi.o
        24          0          0          0          0        164   basic.o
        98          4          0          0          0        140   d2f.o
       826         16          0          0          0        492   daddsub_clz.o
       688        140          0          0          0        256   ddiv.o
       340         12          0          0          0        152   dmul.o
       156          4          0          0          0        140   dnaninf.o
        12          0          0          0          0        116   dretinf.o
       408         56          0          0          0        168   dsqrt_umaal.o
        86          4          0          0          0        132   f2d.o
       140          4          0          0          0        132   fnaninf.o
        10          0          0          0          0        116   fpinit.o
        10          0          0          0          0        116   fretinf.o
         0          0          0          0          0          0   usenofp.o
       864         94         80          0          0        280   asin.o
       728        106        152          0          0        228   atan.o
        84         16          0          0          0        372   dunder.o
        24          0          0          0          0        124   fabs.o
        48          0          0          0          0        124   fpclassify.o
       248          0          0          0          0        152   poly.o
       110          0          0          0          0        148   sqrt.o

    ----------------------------------------------------------------------
      5546        476        232          0        100       4484   Library Totals
        20          0          0          0          4          0   (incl. Padding)

    ----------------------------------------------------------------------

      Code (inc. data)   RO Data    RW Data    ZI Data      Debug   Library Name

       622         20          0          0         96        932   c_w.l
      2798        240          0          0          0       2124   fz_wm.l
      2106        216        232          0          0       1428   m_wm.l

    ----------------------------------------------------------------------
      5546        476        232          0        100       4484   Library Totals

    ----------------------------------------------------------------------

==============================================================================


      Code (inc. data)   RO Data    RW Data    ZI Data      Debug   

     22686       1396        690        176      17136    1422638   Grand Totals
     22686       1396        690        176      17136    1422638   ELF Image Totals
     22686       1396        690        176          0          0   ROM Totals

==============================================================================

    Total RO  Size (Code + RO Data)                23376 (  22.83kB)
    Total RW  Size (RW Data + ZI Data)             17312 (  16.91kB)
    Total ROM Size (Code + RO Data + RW Data)      23552 (  23.00kB)

==============================================================================

